
Running 1 test using 1 worker

(node:10058) Warning: The 'NO_COLOR' env is ignored due to the 'FORCE_COLOR' env being set.
(Use `node --trace-warnings ...` to show where the warning was created)


[1/1] e2e/wp-dual-story-throughline.spec.ts:137:1 › normal entrance reaches the community feast through every service level
e2e/wp-dual-story-throughline.spec.ts:137:1 › normal entrance reaches the community feast through every service level
story progress 1/25: c1-open-door

story progress 2/25: c1-first-juice

story progress 3/25: c1-new-fruit

story progress 4/25: c1-two-friends

story progress 5/25: c1-window-flower

story progress 6/25: c2-cup

story progress 7/25: c2-cone

story progress 8/25: c2-flavor

story progress 9/25: c2-two-scoops

story progress 10/25: c2-topping

story progress 11/25: c3-bread

story progress 12/25: c3-garden

story progress 13/25: c3-drink

story progress 14/25: c3-extra

story progress 15/25: c3-tablecloth

story progress 16/25: c4-grill

story progress 17/25: c4-cheese

story progress 18/25: c4-wait

story progress 19/25: c4-two-boards

story progress 20/25: c4-lights

story progress 21/25: c5-invite

story progress 22/25: c5-arrivals

story progress 23/25: c5-help

story progress 24/25: c5-everyone

story progress 25/25: c5-last-page

  Slow test file: e2e/wp-dual-story-throughline.spec.ts (8.9m)
  Consider running tests from slow files in parallel. See: https://playwright.dev/docs/test-parallel
  1 passed (8.9m)
