game	Run npx playwright test e2e/game.spec.ts e2e/m22-boundaries.spec.ts e2e/m22-growth.spec.ts e2e/m22-visible-walk.spec.ts e2e/m22-playability-visible.spec.ts e2e/minigames.spec.ts	﻿2026-09-26T13:39:06.7939306Z ##[group]Run npx playwright test e2e/game.spec.ts e2e/m22-boundaries.spec.ts e2e/m22-growth.spec.ts e2e/m22-visible-walk.spec.ts e2e/m22-playability-visible.spec.ts e2e/minigames.spec.ts
game	Run npx playwright test e2e/game.spec.ts e2e/m22-boundaries.spec.ts e2e/m22-growth.spec.ts e2e/m22-visible-walk.spec.ts e2e/m22-playability-visible.spec.ts e2e/minigames.spec.ts	2026-09-26T13:39:06.7939984Z ^[[36;1mnpx playwright test e2e/game.spec.ts e2e/m22-boundaries.spec.ts e2e/m22-growth.spec.ts e2e/m22-visible-walk.spec.ts e2e/m22-playability-visible.spec.ts e2e/minigames.spec.ts^[[0m
game	Run npx playwright test e2e/game.spec.ts e2e/m22-boundaries.spec.ts e2e/m22-growth.spec.ts e2e/m22-visible-walk.spec.ts e2e/m22-playability-visible.spec.ts e2e/minigames.spec.ts	2026-09-26T13:39:06.7990283Z shell: /usr/bin/bash -e {0}
game	Run npx playwright test e2e/game.spec.ts e2e/m22-boundaries.spec.ts e2e/m22-growth.spec.ts e2e/m22-visible-walk.spec.ts e2e/m22-playability-visible.spec.ts e2e/minigames.spec.ts	2026-09-26T13:39:06.7990437Z ##[endgroup]
game	Run npx playwright test e2e/game.spec.ts e2e/m22-boundaries.spec.ts e2e/m22-growth.spec.ts e2e/m22-visible-walk.spec.ts e2e/m22-playability-visible.spec.ts e2e/minigames.spec.ts	2026-09-26T13:39:08.6318847Z 
game	Run npx playwright test e2e/game.spec.ts e2e/m22-boundaries.spec.ts e2e/m22-growth.spec.ts e2e/m22-visible-walk.spec.ts e2e/m22-playability-visible.spec.ts e2e/minigames.spec.ts	2026-09-26T13:39:08.6319332Z Running 11 tests using 1 worker
game	Run npx playwright test e2e/game.spec.ts e2e/m22-boundaries.spec.ts e2e/m22-growth.spec.ts e2e/m22-visible-walk.spec.ts e2e/m22-playability-visible.spec.ts e2e/minigames.spec.ts	2026-09-26T13:39:08.6319510Z 
game	Run npx playwright test e2e/game.spec.ts e2e/m22-boundaries.spec.ts e2e/m22-growth.spec.ts e2e/m22-visible-walk.spec.ts e2e/m22-playability-visible.spec.ts e2e/minigames.spec.ts	2026-09-26T13:41:12.8660601Z   ✘   1 e2e/game.spec.ts:14:1 › M2 phone complete click story: prologue through all recipes to community ending (2.1m)
game	Run npx playwright test e2e/game.spec.ts e2e/m22-boundaries.spec.ts e2e/m22-growth.spec.ts e2e/m22-visible-walk.spec.ts e2e/m22-playability-visible.spec.ts e2e/minigames.spec.ts	2026-09-26T13:41:32.7046281Z   ✓   2 e2e/game.spec.ts:111:1 › M2 quick input: immediate taps, same-entity double tap, nearby removal and explicit wrong delivery (19.4s)
game	Run npx playwright test e2e/game.spec.ts e2e/m22-boundaries.spec.ts e2e/m22-growth.spec.ts e2e/m22-visible-walk.spec.ts e2e/m22-playability-visible.spec.ts e2e/minigames.spec.ts	2026-09-26T13:41:50.0176016Z   ✓   3 e2e/game.spec.ts:147:1 › M2 pause and homepage resume keep world; tutorials are separate from the session (17.3s)
game	Run npx playwright test e2e/game.spec.ts e2e/m22-boundaries.spec.ts e2e/m22-growth.spec.ts e2e/m22-visible-walk.spec.ts e2e/m22-playability-visible.spec.ts e2e/minigames.spec.ts	2026-09-26T13:42:14.7084939Z   ✘   4 e2e/m22-boundaries.spec.ts:10:1 › phone wrong delivery, full reserved plate, cancel/multitouch and short landscape keep real inventory (24.2s)
game	Run npx playwright test e2e/game.spec.ts e2e/m22-boundaries.spec.ts e2e/m22-growth.spec.ts e2e/m22-visible-walk.spec.ts e2e/m22-playability-visible.spec.ts e2e/minigames.spec.ts	2026-09-26T13:42:25.6268410Z   ✓   5 e2e/m22-boundaries.spec.ts:123:1 › audio loading failure exposes correct retry, never blocks supplies or creates a language error (10.5s)
game	Run npx playwright test e2e/game.spec.ts e2e/m22-boundaries.spec.ts e2e/m22-growth.spec.ts e2e/m22-visible-walk.spec.ts e2e/m22-playability-visible.spec.ts e2e/minigames.spec.ts	2026-09-26T13:42:50.9604029Z   ✓   6 e2e/m22-growth.spec.ts:10:1 › teaching fruit is the real ingredient; fresh endless explicitly introduces banana then juice (25.3s)
game	Run npx playwright test e2e/game.spec.ts e2e/m22-boundaries.spec.ts e2e/m22-growth.spec.ts e2e/m22-visible-walk.spec.ts e2e/m22-playability-visible.spec.ts e2e/minigames.spec.ts	2026-09-26T13:50:12.2196055Z   ✓   7 e2e/m22-playability-visible.spec.ts:157:1 › visible picture and recipe walk completes four cooking families and mixed late service (7.4m)
game	Run npx playwright test e2e/game.spec.ts e2e/m22-boundaries.spec.ts e2e/m22-growth.spec.ts e2e/m22-visible-walk.spec.ts e2e/m22-playability-visible.spec.ts e2e/minigames.spec.ts	2026-09-26T13:50:42.9303830Z   ✓   8 e2e/m22-visible-walk.spec.ts:12:1 › visible interface and formal help walk: apple and juice without hidden answers (30.7s)
game	Run npx playwright test e2e/game.spec.ts e2e/m22-boundaries.spec.ts e2e/m22-growth.spec.ts e2e/m22-visible-walk.spec.ts e2e/m22-playability-visible.spec.ts e2e/minigames.spec.ts	2026-09-26T13:51:06.9019012Z   ✓   9 e2e/minigames.spec.ts:44:3 › M2 match complete four rounds, help, resume, settlement and return (23.9s)
game	Run npx playwright test e2e/game.spec.ts e2e/m22-boundaries.spec.ts e2e/m22-growth.spec.ts e2e/m22-visible-walk.spec.ts e2e/m22-playability-visible.spec.ts e2e/minigames.spec.ts	2026-09-26T13:51:51.5594503Z   ✓  10 e2e/minigames.spec.ts:44:3 › M2 spell complete four rounds, help, resume, settlement and return (44.6s)
game	Run npx playwright test e2e/game.spec.ts e2e/m22-boundaries.spec.ts e2e/m22-growth.spec.ts e2e/m22-visible-walk.spec.ts e2e/m22-playability-visible.spec.ts e2e/minigames.spec.ts	2026-09-26T13:51:59.5634348Z   ✓  11 e2e/minigames.spec.ts:138:1 › M2 bilingual uses explicit support and preserves business inventory (8.0s)
game	Run npx playwright test e2e/game.spec.ts e2e/m22-boundaries.spec.ts e2e/m22-growth.spec.ts e2e/m22-visible-walk.spec.ts e2e/m22-playability-visible.spec.ts e2e/minigames.spec.ts	2026-09-26T13:51:59.6144232Z 
game	Run npx playwright test e2e/game.spec.ts e2e/m22-boundaries.spec.ts e2e/m22-growth.spec.ts e2e/m22-visible-walk.spec.ts e2e/m22-playability-visible.spec.ts e2e/minigames.spec.ts	2026-09-26T13:51:59.6146906Z 
game	Run npx playwright test e2e/game.spec.ts e2e/m22-boundaries.spec.ts e2e/m22-growth.spec.ts e2e/m22-visible-walk.spec.ts e2e/m22-playability-visible.spec.ts e2e/minigames.spec.ts	2026-09-26T13:51:59.6153787Z   1) e2e/game.spec.ts:14:1 › M2 phone complete click story: prologue through all recipes to community ending 
game	Run npx playwright test e2e/game.spec.ts e2e/m22-boundaries.spec.ts e2e/m22-growth.spec.ts e2e/m22-visible-walk.spec.ts e2e/m22-playability-visible.spec.ts e2e/minigames.spec.ts	2026-09-26T13:51:59.6154153Z 
game	Run npx playwright test e2e/game.spec.ts e2e/m22-boundaries.spec.ts e2e/m22-growth.spec.ts e2e/m22-visible-walk.spec.ts e2e/m22-playability-visible.spec.ts e2e/minigames.spec.ts	2026-09-26T13:51:59.6155607Z     Error: expect(received).toEqual(expected) // deep equality
game	Run npx playwright test e2e/game.spec.ts e2e/m22-boundaries.spec.ts e2e/m22-growth.spec.ts e2e/m22-visible-walk.spec.ts e2e/m22-playability-visible.spec.ts e2e/minigames.spec.ts	2026-09-26T13:51:59.6155859Z 
game	Run npx playwright test e2e/game.spec.ts e2e/m22-boundaries.spec.ts e2e/m22-growth.spec.ts e2e/m22-visible-walk.spec.ts e2e/m22-playability-visible.spec.ts e2e/minigames.spec.ts	2026-09-26T13:51:59.6155954Z     - Expected  - 2
game	Run npx playwright test e2e/game.spec.ts e2e/m22-boundaries.spec.ts e2e/m22-growth.spec.ts e2e/m22-visible-walk.spec.ts e2e/m22-playability-visible.spec.ts e2e/minigames.spec.ts	2026-09-26T13:51:59.6156154Z     + Received  + 0
game	Run npx playwright test e2e/game.spec.ts e2e/m22-boundaries.spec.ts e2e/m22-growth.spec.ts e2e/m22-visible-walk.spec.ts e2e/m22-playability-visible.spec.ts e2e/minigames.spec.ts	2026-09-26T13:51:59.6156261Z 
game	Run npx playwright test e2e/game.spec.ts e2e/m22-boundaries.spec.ts e2e/m22-growth.spec.ts e2e/m22-visible-walk.spec.ts e2e/m22-playability-visible.spec.ts e2e/minigames.spec.ts	2026-09-26T13:51:59.6156331Z       Array [
game	Run npx playwright test e2e/game.spec.ts e2e/m22-boundaries.spec.ts e2e/m22-growth.spec.ts e2e/m22-visible-walk.spec.ts e2e/m22-playability-visible.spec.ts e2e/minigames.spec.ts	2026-09-26T13:51:59.6156507Z         "food-1",
game	Run npx playwright test e2e/game.spec.ts e2e/m22-boundaries.spec.ts e2e/m22-growth.spec.ts e2e/m22-visible-walk.spec.ts e2e/m22-playability-visible.spec.ts e2e/minigames.spec.ts	2026-09-26T13:51:59.6156681Z     -   "food-2",
game	Run npx playwright test e2e/game.spec.ts e2e/m22-boundaries.spec.ts e2e/m22-growth.spec.ts e2e/m22-visible-walk.spec.ts e2e/m22-playability-visible.spec.ts e2e/minigames.spec.ts	2026-09-26T13:51:59.6156859Z     -   "food-3",
game	Run npx playwright test e2e/game.spec.ts e2e/m22-boundaries.spec.ts e2e/m22-growth.spec.ts e2e/m22-visible-walk.spec.ts e2e/m22-playability-visible.spec.ts e2e/minigames.spec.ts	2026-09-26T13:51:59.6157025Z       ]
game	Run npx playwright test e2e/game.spec.ts e2e/m22-boundaries.spec.ts e2e/m22-growth.spec.ts e2e/m22-visible-walk.spec.ts e2e/m22-playability-visible.spec.ts e2e/minigames.spec.ts	2026-09-26T13:51:59.6157164Z 
game	Run npx playwright test e2e/game.spec.ts e2e/m22-boundaries.spec.ts e2e/m22-growth.spec.ts e2e/m22-visible-walk.spec.ts e2e/m22-playability-visible.spec.ts e2e/minigames.spec.ts	2026-09-26T13:51:59.6157250Z        at helpers.ts:166
game	Run npx playwright test e2e/game.spec.ts e2e/m22-boundaries.spec.ts e2e/m22-growth.spec.ts e2e/m22-visible-walk.spec.ts e2e/m22-playability-visible.spec.ts e2e/minigames.spec.ts	2026-09-26T13:51:59.6157359Z 
game	Run npx playwright test e2e/game.spec.ts e2e/m22-boundaries.spec.ts e2e/m22-growth.spec.ts e2e/m22-visible-walk.spec.ts e2e/m22-playability-visible.spec.ts e2e/minigames.spec.ts	2026-09-26T13:51:59.6157439Z       164 |     const after = await state(p);
game	Run npx playwright test e2e/game.spec.ts e2e/m22-boundaries.spec.ts e2e/m22-growth.spec.ts e2e/m22-visible-walk.spec.ts e2e/m22-playability-visible.spec.ts e2e/minigames.spec.ts	2026-09-26T13:51:59.6157756Z       165 |     expect(after.runId).toBe(before.runId);
game	Run npx playwright test e2e/game.spec.ts e2e/m22-boundaries.spec.ts e2e/m22-growth.spec.ts e2e/m22-visible-walk.spec.ts e2e/m22-playability-visible.spec.ts e2e/minigames.spec.ts	2026-09-26T13:51:59.6158454Z     > 166 |     expect(after.items.map((i) => i.id)).toEqual(before.items.map((i) => i.id));
game	Run npx playwright test e2e/game.spec.ts e2e/m22-boundaries.spec.ts e2e/m22-growth.spec.ts e2e/m22-visible-walk.spec.ts e2e/m22-playability-visible.spec.ts e2e/minigames.spec.ts	2026-09-26T13:51:59.6158701Z           |                                          ^
game	Run npx playwright test e2e/game.spec.ts e2e/m22-boundaries.spec.ts e2e/m22-growth.spec.ts e2e/m22-visible-walk.spec.ts e2e/m22-playability-visible.spec.ts e2e/minigames.spec.ts	2026-09-26T13:51:59.6158941Z       167 |     // Restart measurement after navigation; no gameplay state is injected.
game	Run npx playwright test e2e/game.spec.ts e2e/m22-boundaries.spec.ts e2e/m22-growth.spec.ts e2e/m22-visible-walk.spec.ts e2e/m22-playability-visible.spec.ts e2e/minigames.spec.ts	2026-09-26T13:51:59.6159177Z       168 |     await p.evaluate(() => {
game	Run npx playwright test e2e/game.spec.ts e2e/m22-boundaries.spec.ts e2e/m22-growth.spec.ts e2e/m22-visible-walk.spec.ts e2e/m22-playability-visible.spec.ts e2e/minigames.spec.ts	2026-09-26T13:51:59.6159363Z       169 |       const m = Reflect.get(window, 'm2measure');
game	Run npx playwright test e2e/game.spec.ts e2e/m22-boundaries.spec.ts e2e/m22-growth.spec.ts e2e/m22-visible-walk.spec.ts e2e/m22-playability-visible.spec.ts e2e/minigames.spec.ts	2026-09-26T13:51:59.6159684Z         at make (/home/runner/work/tabby-english-food-truck/tabby-english-food-truck/e2e/helpers.ts:166:42)
game	Run npx playwright test e2e/game.spec.ts e2e/m22-boundaries.spec.ts e2e/m22-growth.spec.ts e2e/m22-visible-walk.spec.ts e2e/m22-playability-visible.spec.ts e2e/minigames.spec.ts	2026-09-26T13:51:59.6160078Z         at serve (/home/runner/work/tabby-english-food-truck/tabby-english-food-truck/e2e/helpers.ts:210:18)
game	Run npx playwright test e2e/game.spec.ts e2e/m22-boundaries.spec.ts e2e/m22-growth.spec.ts e2e/m22-visible-walk.spec.ts e2e/m22-playability-visible.spec.ts e2e/minigames.spec.ts	2026-09-26T13:51:59.6160638Z         at /home/runner/work/tabby-english-food-truck/tabby-english-food-truck/e2e/game.spec.ts:30:7
game	Run npx playwright test e2e/game.spec.ts e2e/m22-boundaries.spec.ts e2e/m22-growth.spec.ts e2e/m22-visible-walk.spec.ts e2e/m22-playability-visible.spec.ts e2e/minigames.spec.ts	2026-09-26T13:51:59.6160832Z 
game	Run npx playwright test e2e/game.spec.ts e2e/m22-boundaries.spec.ts e2e/m22-growth.spec.ts e2e/m22-visible-walk.spec.ts e2e/m22-playability-visible.spec.ts e2e/minigames.spec.ts	2026-09-26T13:51:59.6161096Z     attachment #1: screenshot (image/png) ──────────────────────────────────────────────────────────
game	Run npx playwright test e2e/game.spec.ts e2e/m22-boundaries.spec.ts e2e/m22-growth.spec.ts e2e/m22-visible-walk.spec.ts e2e/m22-playability-visible.spec.ts e2e/minigames.spec.ts	2026-09-26T13:51:59.6161502Z     test-results/game-M2-phone-complete-cli-afae4-recipes-to-community-ending/test-failed-1.png
game	Run npx playwright test e2e/game.spec.ts e2e/m22-boundaries.spec.ts e2e/m22-growth.spec.ts e2e/m22-visible-walk.spec.ts e2e/m22-playability-visible.spec.ts e2e/minigames.spec.ts	2026-09-26T13:51:59.6161900Z     ────────────────────────────────────────────────────────────────────────────────────────────────
game	Run npx playwright test e2e/game.spec.ts e2e/m22-boundaries.spec.ts e2e/m22-growth.spec.ts e2e/m22-visible-walk.spec.ts e2e/m22-playability-visible.spec.ts e2e/minigames.spec.ts	2026-09-26T13:51:59.6162051Z 
game	Run npx playwright test e2e/game.spec.ts e2e/m22-boundaries.spec.ts e2e/m22-growth.spec.ts e2e/m22-visible-walk.spec.ts e2e/m22-playability-visible.spec.ts e2e/minigames.spec.ts	2026-09-26T13:51:59.6162250Z     attachment #2: video (video/webm) ──────────────────────────────────────────────────────────────
game	Run npx playwright test e2e/game.spec.ts e2e/m22-boundaries.spec.ts e2e/m22-growth.spec.ts e2e/m22-visible-walk.spec.ts e2e/m22-playability-visible.spec.ts e2e/minigames.spec.ts	2026-09-26T13:51:59.6162723Z     test-results/game-M2-phone-complete-cli-afae4-recipes-to-community-ending/video.webm
game	Run npx playwright test e2e/game.spec.ts e2e/m22-boundaries.spec.ts e2e/m22-growth.spec.ts e2e/m22-visible-walk.spec.ts e2e/m22-playability-visible.spec.ts e2e/minigames.spec.ts	2026-09-26T13:51:59.6163111Z     ────────────────────────────────────────────────────────────────────────────────────────────────
game	Run npx playwright test e2e/game.spec.ts e2e/m22-boundaries.spec.ts e2e/m22-growth.spec.ts e2e/m22-visible-walk.spec.ts e2e/m22-playability-visible.spec.ts e2e/minigames.spec.ts	2026-09-26T13:51:59.6163304Z 
game	Run npx playwright test e2e/game.spec.ts e2e/m22-boundaries.spec.ts e2e/m22-growth.spec.ts e2e/m22-visible-walk.spec.ts e2e/m22-playability-visible.spec.ts e2e/minigames.spec.ts	2026-09-26T13:51:59.6163562Z     Error Context: test-results/game-M2-phone-complete-cli-afae4-recipes-to-community-ending/error-context.md
game	Run npx playwright test e2e/game.spec.ts e2e/m22-boundaries.spec.ts e2e/m22-growth.spec.ts e2e/m22-visible-walk.spec.ts e2e/m22-playability-visible.spec.ts e2e/minigames.spec.ts	2026-09-26T13:51:59.6163811Z 
game	Run npx playwright test e2e/game.spec.ts e2e/m22-boundaries.spec.ts e2e/m22-growth.spec.ts e2e/m22-visible-walk.spec.ts e2e/m22-playability-visible.spec.ts e2e/minigames.spec.ts	2026-09-26T13:51:59.6164125Z   2) e2e/m22-boundaries.spec.ts:10:1 › phone wrong delivery, full reserved plate, cancel/multitouch and short landscape keep real inventory 
game	Run npx playwright test e2e/game.spec.ts e2e/m22-boundaries.spec.ts e2e/m22-growth.spec.ts e2e/m22-visible-walk.spec.ts e2e/m22-playability-visible.spec.ts e2e/minigames.spec.ts	2026-09-26T13:51:59.6164402Z 
game	Run npx playwright test e2e/game.spec.ts e2e/m22-boundaries.spec.ts e2e/m22-growth.spec.ts e2e/m22-visible-walk.spec.ts e2e/m22-playability-visible.spec.ts e2e/minigames.spec.ts	2026-09-26T13:51:59.6164508Z     Error: expect(received).toBe(expected) // Object.is equality
game	Run npx playwright test e2e/game.spec.ts e2e/m22-boundaries.spec.ts e2e/m22-growth.spec.ts e2e/m22-visible-walk.spec.ts e2e/m22-playability-visible.spec.ts e2e/minigames.spec.ts	2026-09-26T13:51:59.6164644Z 
game	Run npx playwright test e2e/game.spec.ts e2e/m22-boundaries.spec.ts e2e/m22-growth.spec.ts e2e/m22-visible-walk.spec.ts e2e/m22-playability-visible.spec.ts e2e/minigames.spec.ts	2026-09-26T13:51:59.6164702Z     Expected: undefined
game	Run npx playwright test e2e/game.spec.ts e2e/m22-boundaries.spec.ts e2e/m22-growth.spec.ts e2e/m22-visible-walk.spec.ts e2e/m22-playability-visible.spec.ts e2e/minigames.spec.ts	2026-09-26T13:51:59.6164830Z     Received: "food-2"
game	Run npx playwright test e2e/game.spec.ts e2e/m22-boundaries.spec.ts e2e/m22-growth.spec.ts e2e/m22-visible-walk.spec.ts e2e/m22-playability-visible.spec.ts e2e/minigames.spec.ts	2026-09-26T13:51:59.6164907Z 
game	Run npx playwright test e2e/game.spec.ts e2e/m22-boundaries.spec.ts e2e/m22-growth.spec.ts e2e/m22-visible-walk.spec.ts e2e/m22-playability-visible.spec.ts e2e/minigames.spec.ts	2026-09-26T13:51:59.6165037Z       64 |     expect(restored.items.find((i) => i.id === item.id)).toEqual(item);
game	Run npx playwright test e2e/game.spec.ts e2e/m22-boundaries.spec.ts e2e/m22-growth.spec.ts e2e/m22-visible-walk.spec.ts e2e/m22-playability-visible.spec.ts e2e/minigames.spec.ts	2026-09-26T13:51:59.6165259Z       65 |   if (alreadyFinished)
game	Run npx playwright test e2e/game.spec.ts e2e/m22-boundaries.spec.ts e2e/m22-growth.spec.ts e2e/m22-visible-walk.spec.ts e2e/m22-playability-visible.spec.ts e2e/minigames.spec.ts	2026-09-26T13:51:59.6165505Z     > 66 |     expect(restored.items.find((i) => i.product === 'juice')?.id).toBe(vessel?.id);
game	Run npx playwright test e2e/game.spec.ts e2e/m22-boundaries.spec.ts e2e/m22-growth.spec.ts e2e/m22-visible-walk.spec.ts e2e/m22-playability-visible.spec.ts e2e/minigames.spec.ts	2026-09-26T13:51:59.6165766Z          |                                                                   ^
game	Run npx playwright test e2e/game.spec.ts e2e/m22-boundaries.spec.ts e2e/m22-growth.spec.ts e2e/m22-visible-walk.spec.ts e2e/m22-playability-visible.spec.ts e2e/minigames.spec.ts	2026-09-26T13:51:59.6165940Z       67 |   await expect
game	Run npx playwright test e2e/game.spec.ts e2e/m22-boundaries.spec.ts e2e/m22-growth.spec.ts e2e/m22-visible-walk.spec.ts e2e/m22-playability-visible.spec.ts e2e/minigames.spec.ts	2026-09-26T13:51:59.6166066Z       68 |     .poll(
game	Run npx playwright test e2e/game.spec.ts e2e/m22-boundaries.spec.ts e2e/m22-growth.spec.ts e2e/m22-visible-walk.spec.ts e2e/m22-playability-visible.spec.ts e2e/minigames.spec.ts	2026-09-26T13:51:59.6166189Z       69 |       async () =>
game	Run npx playwright test e2e/game.spec.ts e2e/m22-boundaries.spec.ts e2e/m22-growth.spec.ts e2e/m22-visible-walk.spec.ts e2e/m22-playability-visible.spec.ts e2e/minigames.spec.ts	2026-09-26T13:51:59.6166469Z         at /home/runner/work/tabby-english-food-truck/tabby-english-food-truck/e2e/m22-boundaries.spec.ts:66:67
game	Run npx playwright test e2e/game.spec.ts e2e/m22-boundaries.spec.ts e2e/m22-growth.spec.ts e2e/m22-visible-walk.spec.ts e2e/m22-playability-visible.spec.ts e2e/minigames.spec.ts	2026-09-26T13:51:59.6166808Z 
game	Run npx playwright test e2e/game.spec.ts e2e/m22-boundaries.spec.ts e2e/m22-growth.spec.ts e2e/m22-visible-walk.spec.ts e2e/m22-playability-visible.spec.ts e2e/minigames.spec.ts	2026-09-26T13:51:59.6167016Z     attachment #1: screenshot (image/png) ──────────────────────────────────────────────────────────
game	Run npx playwright test e2e/game.spec.ts e2e/m22-boundaries.spec.ts e2e/m22-growth.spec.ts e2e/m22-visible-walk.spec.ts e2e/m22-playability-visible.spec.ts e2e/minigames.spec.ts	2026-09-26T13:51:59.6167376Z     test-results/m22-boundaries-phone-wrong-a3848-ndscape-keep-real-inventory/test-failed-1.png
game	Run npx playwright test e2e/game.spec.ts e2e/m22-boundaries.spec.ts e2e/m22-growth.spec.ts e2e/m22-visible-walk.spec.ts e2e/m22-playability-visible.spec.ts e2e/minigames.spec.ts	2026-09-26T13:51:59.6167767Z     ────────────────────────────────────────────────────────────────────────────────────────────────
game	Run npx playwright test e2e/game.spec.ts e2e/m22-boundaries.spec.ts e2e/m22-growth.spec.ts e2e/m22-visible-walk.spec.ts e2e/m22-playability-visible.spec.ts e2e/minigames.spec.ts	2026-09-26T13:51:59.6167922Z 
game	Run npx playwright test e2e/game.spec.ts e2e/m22-boundaries.spec.ts e2e/m22-growth.spec.ts e2e/m22-visible-walk.spec.ts e2e/m22-playability-visible.spec.ts e2e/minigames.spec.ts	2026-09-26T13:51:59.6168119Z     attachment #2: video (video/webm) ──────────────────────────────────────────────────────────────
game	Run npx playwright test e2e/game.spec.ts e2e/m22-boundaries.spec.ts e2e/m22-growth.spec.ts e2e/m22-visible-walk.spec.ts e2e/m22-playability-visible.spec.ts e2e/minigames.spec.ts	2026-09-26T13:51:59.6168449Z     test-results/m22-boundaries-phone-wrong-a3848-ndscape-keep-real-inventory/video.webm
game	Run npx playwright test e2e/game.spec.ts e2e/m22-boundaries.spec.ts e2e/m22-growth.spec.ts e2e/m22-visible-walk.spec.ts e2e/m22-playability-visible.spec.ts e2e/minigames.spec.ts	2026-09-26T13:51:59.6168824Z     ────────────────────────────────────────────────────────────────────────────────────────────────
game	Run npx playwright test e2e/game.spec.ts e2e/m22-boundaries.spec.ts e2e/m22-growth.spec.ts e2e/m22-visible-walk.spec.ts e2e/m22-playability-visible.spec.ts e2e/minigames.spec.ts	2026-09-26T13:51:59.6169066Z 
game	Run npx playwright test e2e/game.spec.ts e2e/m22-boundaries.spec.ts e2e/m22-growth.spec.ts e2e/m22-visible-walk.spec.ts e2e/m22-playability-visible.spec.ts e2e/minigames.spec.ts	2026-09-26T13:51:59.6169275Z     Error Context: test-results/m22-boundaries-phone-wrong-a3848-ndscape-keep-real-inventory/error-context.md
game	Run npx playwright test e2e/game.spec.ts e2e/m22-boundaries.spec.ts e2e/m22-growth.spec.ts e2e/m22-visible-walk.spec.ts e2e/m22-playability-visible.spec.ts e2e/minigames.spec.ts	2026-09-26T13:51:59.6169519Z 
game	Run npx playwright test e2e/game.spec.ts e2e/m22-boundaries.spec.ts e2e/m22-growth.spec.ts e2e/m22-visible-walk.spec.ts e2e/m22-playability-visible.spec.ts e2e/minigames.spec.ts	2026-09-26T13:51:59.6169628Z   Slow test file: e2e/m22-playability-visible.spec.ts (7.4m)
game	Run npx playwright test e2e/game.spec.ts e2e/m22-boundaries.spec.ts e2e/m22-growth.spec.ts e2e/m22-visible-walk.spec.ts e2e/m22-playability-visible.spec.ts e2e/minigames.spec.ts	2026-09-26T13:51:59.6169936Z   Consider running tests from slow files in parallel. See: https://playwright.dev/docs/test-parallel
game	Run npx playwright test e2e/game.spec.ts e2e/m22-boundaries.spec.ts e2e/m22-growth.spec.ts e2e/m22-visible-walk.spec.ts e2e/m22-playability-visible.spec.ts e2e/minigames.spec.ts	2026-09-26T13:51:59.6170173Z   2 failed
game	Run npx playwright test e2e/game.spec.ts e2e/m22-boundaries.spec.ts e2e/m22-growth.spec.ts e2e/m22-visible-walk.spec.ts e2e/m22-playability-visible.spec.ts e2e/minigames.spec.ts	2026-09-26T13:51:59.6170454Z     e2e/game.spec.ts:14:1 › M2 phone complete click story: prologue through all recipes to community ending 
game	Run npx playwright test e2e/game.spec.ts e2e/m22-boundaries.spec.ts e2e/m22-growth.spec.ts e2e/m22-visible-walk.spec.ts e2e/m22-playability-visible.spec.ts e2e/minigames.spec.ts	2026-09-26T13:51:59.6170936Z     e2e/m22-boundaries.spec.ts:10:1 › phone wrong delivery, full reserved plate, cancel/multitouch and short landscape keep real inventory 
game	Run npx playwright test e2e/game.spec.ts e2e/m22-boundaries.spec.ts e2e/m22-growth.spec.ts e2e/m22-visible-walk.spec.ts e2e/m22-playability-visible.spec.ts e2e/minigames.spec.ts	2026-09-26T13:51:59.6171241Z   9 passed (12.9m)
game	Run npx playwright test e2e/game.spec.ts e2e/m22-boundaries.spec.ts e2e/m22-growth.spec.ts e2e/m22-visible-walk.spec.ts e2e/m22-playability-visible.spec.ts e2e/minigames.spec.ts	2026-09-26T13:51:59.7509490Z ##[error]Process completed with exit code 1.
