game	Run npx playwright test e2e/game.spec.ts e2e/m22-boundaries.spec.ts e2e/m22-growth.spec.ts e2e/m22-visible-walk.spec.ts e2e/m22-playability-visible.spec.ts e2e/minigames.spec.ts	﻿2026-09-26T14:07:39.4579371Z ##[group]Run npx playwright test e2e/game.spec.ts e2e/m22-boundaries.spec.ts e2e/m22-growth.spec.ts e2e/m22-visible-walk.spec.ts e2e/m22-playability-visible.spec.ts e2e/minigames.spec.ts
game	Run npx playwright test e2e/game.spec.ts e2e/m22-boundaries.spec.ts e2e/m22-growth.spec.ts e2e/m22-visible-walk.spec.ts e2e/m22-playability-visible.spec.ts e2e/minigames.spec.ts	2026-09-26T14:07:39.4580868Z ^[[36;1mnpx playwright test e2e/game.spec.ts e2e/m22-boundaries.spec.ts e2e/m22-growth.spec.ts e2e/m22-visible-walk.spec.ts e2e/m22-playability-visible.spec.ts e2e/minigames.spec.ts^[[0m
game	Run npx playwright test e2e/game.spec.ts e2e/m22-boundaries.spec.ts e2e/m22-growth.spec.ts e2e/m22-visible-walk.spec.ts e2e/m22-playability-visible.spec.ts e2e/minigames.spec.ts	2026-09-26T14:07:39.4645051Z shell: /usr/bin/bash -e {0}
game	Run npx playwright test e2e/game.spec.ts e2e/m22-boundaries.spec.ts e2e/m22-growth.spec.ts e2e/m22-visible-walk.spec.ts e2e/m22-playability-visible.spec.ts e2e/minigames.spec.ts	2026-09-26T14:07:39.4645360Z ##[endgroup]
game	Run npx playwright test e2e/game.spec.ts e2e/m22-boundaries.spec.ts e2e/m22-growth.spec.ts e2e/m22-visible-walk.spec.ts e2e/m22-playability-visible.spec.ts e2e/minigames.spec.ts	2026-09-26T14:07:42.1252383Z 
game	Run npx playwright test e2e/game.spec.ts e2e/m22-boundaries.spec.ts e2e/m22-growth.spec.ts e2e/m22-visible-walk.spec.ts e2e/m22-playability-visible.spec.ts e2e/minigames.spec.ts	2026-09-26T14:07:42.1253279Z Running 11 tests using 1 worker
game	Run npx playwright test e2e/game.spec.ts e2e/m22-boundaries.spec.ts e2e/m22-growth.spec.ts e2e/m22-visible-walk.spec.ts e2e/m22-playability-visible.spec.ts e2e/minigames.spec.ts	2026-09-26T14:07:42.1253772Z 
game	Run npx playwright test e2e/game.spec.ts e2e/m22-boundaries.spec.ts e2e/m22-growth.spec.ts e2e/m22-visible-walk.spec.ts e2e/m22-playability-visible.spec.ts e2e/minigames.spec.ts	2026-09-26T14:11:04.0456208Z   ✘   1 e2e/game.spec.ts:14:1 › M2 phone complete click story: prologue through all recipes to community ending (3.4m)
game	Run npx playwright test e2e/game.spec.ts e2e/m22-boundaries.spec.ts e2e/m22-growth.spec.ts e2e/m22-visible-walk.spec.ts e2e/m22-playability-visible.spec.ts e2e/minigames.spec.ts	2026-09-26T14:11:42.4298551Z   ✓   2 e2e/game.spec.ts:111:1 › M2 quick input: immediate taps, same-entity double tap, nearby removal and explicit wrong delivery (37.7s)
game	Run npx playwright test e2e/game.spec.ts e2e/m22-boundaries.spec.ts e2e/m22-growth.spec.ts e2e/m22-visible-walk.spec.ts e2e/m22-playability-visible.spec.ts e2e/minigames.spec.ts	2026-09-26T14:12:15.0106532Z   ✓   3 e2e/game.spec.ts:147:1 › M2 pause and homepage resume keep world; tutorials are separate from the session (32.6s)
game	Run npx playwright test e2e/game.spec.ts e2e/m22-boundaries.spec.ts e2e/m22-growth.spec.ts e2e/m22-visible-walk.spec.ts e2e/m22-playability-visible.spec.ts e2e/minigames.spec.ts	2026-09-26T14:12:59.6133415Z   ✘   4 e2e/m22-boundaries.spec.ts:11:1 › phone wrong delivery, full reserved plate, cancel/multitouch and short landscape keep real inventory (43.8s)
game	Run npx playwright test e2e/game.spec.ts e2e/m22-boundaries.spec.ts e2e/m22-growth.spec.ts e2e/m22-visible-walk.spec.ts e2e/m22-playability-visible.spec.ts e2e/minigames.spec.ts	2026-09-26T14:13:15.0975482Z   ✘   5 e2e/m22-boundaries.spec.ts:131:1 › audio loading failure exposes correct retry, never blocks supplies or creates a language error (14.7s)
game	Run npx playwright test e2e/game.spec.ts e2e/m22-boundaries.spec.ts e2e/m22-growth.spec.ts e2e/m22-visible-walk.spec.ts e2e/m22-playability-visible.spec.ts e2e/minigames.spec.ts	2026-09-26T14:13:56.8350658Z   ✓   6 e2e/m22-growth.spec.ts:10:1 › teaching fruit is the real ingredient; fresh endless explicitly introduces banana then juice (41.1s)
game	Run npx playwright test e2e/game.spec.ts e2e/m22-boundaries.spec.ts e2e/m22-growth.spec.ts e2e/m22-visible-walk.spec.ts e2e/m22-playability-visible.spec.ts e2e/minigames.spec.ts	2026-09-26T14:23:59.8845368Z   ✘   7 e2e/m22-playability-visible.spec.ts:157:1 › visible picture and recipe walk completes four cooking families and mixed late service (10.0m)
game	Run npx playwright test e2e/game.spec.ts e2e/m22-boundaries.spec.ts e2e/m22-growth.spec.ts e2e/m22-visible-walk.spec.ts e2e/m22-playability-visible.spec.ts e2e/minigames.spec.ts	2026-09-26T14:24:44.4540383Z   ✓   8 e2e/m22-visible-walk.spec.ts:12:1 › visible interface and formal help walk: apple and juice without hidden answers (43.9s)
game	Run npx playwright test e2e/game.spec.ts e2e/m22-boundaries.spec.ts e2e/m22-growth.spec.ts e2e/m22-visible-walk.spec.ts e2e/m22-playability-visible.spec.ts e2e/minigames.spec.ts	2026-09-26T14:25:39.0070201Z   ✓   9 e2e/minigames.spec.ts:44:3 › M2 match complete four rounds, help, resume, settlement and return (54.5s)
game	Run npx playwright test e2e/game.spec.ts e2e/m22-boundaries.spec.ts e2e/m22-growth.spec.ts e2e/m22-visible-walk.spec.ts e2e/m22-playability-visible.spec.ts e2e/minigames.spec.ts	2026-09-26T14:27:11.2804803Z   ✘  10 e2e/minigames.spec.ts:44:3 › M2 spell complete four rounds, help, resume, settlement and return (1.5m)
game	Run npx playwright test e2e/game.spec.ts e2e/m22-boundaries.spec.ts e2e/m22-growth.spec.ts e2e/m22-visible-walk.spec.ts e2e/m22-playability-visible.spec.ts e2e/minigames.spec.ts	2026-09-26T14:27:30.2726207Z   ✓  11 e2e/minigames.spec.ts:138:1 › M2 bilingual uses explicit support and preserves business inventory (18.3s)
game	Run npx playwright test e2e/game.spec.ts e2e/m22-boundaries.spec.ts e2e/m22-growth.spec.ts e2e/m22-visible-walk.spec.ts e2e/m22-playability-visible.spec.ts e2e/minigames.spec.ts	2026-09-26T14:27:30.3252829Z 
game	Run npx playwright test e2e/game.spec.ts e2e/m22-boundaries.spec.ts e2e/m22-growth.spec.ts e2e/m22-visible-walk.spec.ts e2e/m22-playability-visible.spec.ts e2e/minigames.spec.ts	2026-09-26T14:27:30.3258309Z 
game	Run npx playwright test e2e/game.spec.ts e2e/m22-boundaries.spec.ts e2e/m22-growth.spec.ts e2e/m22-visible-walk.spec.ts e2e/m22-playability-visible.spec.ts e2e/minigames.spec.ts	2026-09-26T14:27:30.3268654Z   1) e2e/game.spec.ts:14:1 › M2 phone complete click story: prologue through all recipes to community ending 
game	Run npx playwright test e2e/game.spec.ts e2e/m22-boundaries.spec.ts e2e/m22-growth.spec.ts e2e/m22-visible-walk.spec.ts e2e/m22-playability-visible.spec.ts e2e/minigames.spec.ts	2026-09-26T14:27:30.3269634Z 
game	Run npx playwright test e2e/game.spec.ts e2e/m22-boundaries.spec.ts e2e/m22-growth.spec.ts e2e/m22-visible-walk.spec.ts e2e/m22-playability-visible.spec.ts e2e/minigames.spec.ts	2026-09-26T14:27:30.3270063Z     Error: expect(received).toBe(expected) // Object.is equality
game	Run npx playwright test e2e/game.spec.ts e2e/m22-boundaries.spec.ts e2e/m22-growth.spec.ts e2e/m22-visible-walk.spec.ts e2e/m22-playability-visible.spec.ts e2e/minigames.spec.ts	2026-09-26T14:27:30.3270570Z 
game	Run npx playwright test e2e/game.spec.ts e2e/m22-boundaries.spec.ts e2e/m22-growth.spec.ts e2e/m22-visible-walk.spec.ts e2e/m22-playability-visible.spec.ts e2e/minigames.spec.ts	2026-09-26T14:27:30.3270759Z     Expected: "processing"
game	Run npx playwright test e2e/game.spec.ts e2e/m22-boundaries.spec.ts e2e/m22-growth.spec.ts e2e/m22-visible-walk.spec.ts e2e/m22-playability-visible.spec.ts e2e/minigames.spec.ts	2026-09-26T14:27:30.3271225Z     Received: "empty"
game	Run npx playwright test e2e/game.spec.ts e2e/m22-boundaries.spec.ts e2e/m22-growth.spec.ts e2e/m22-visible-walk.spec.ts e2e/m22-playability-visible.spec.ts e2e/minigames.spec.ts	2026-09-26T14:27:30.3271493Z 
game	Run npx playwright test e2e/game.spec.ts e2e/m22-boundaries.spec.ts e2e/m22-growth.spec.ts e2e/m22-visible-walk.spec.ts e2e/m22-playability-visible.spec.ts e2e/minigames.spec.ts	2026-09-26T14:27:30.3271679Z        at helpers.ts:158
game	Run npx playwright test e2e/game.spec.ts e2e/m22-boundaries.spec.ts e2e/m22-growth.spec.ts e2e/m22-visible-walk.spec.ts e2e/m22-playability-visible.spec.ts e2e/minigames.spec.ts	2026-09-26T14:27:30.3271953Z 
game	Run npx playwright test e2e/game.spec.ts e2e/m22-boundaries.spec.ts e2e/m22-growth.spec.ts e2e/m22-visible-walk.spec.ts e2e/m22-playability-visible.spec.ts e2e/minigames.spec.ts	2026-09-26T14:27:30.3272117Z       156 |     expect(
game	Run npx playwright test e2e/game.spec.ts e2e/m22-boundaries.spec.ts e2e/m22-growth.spec.ts e2e/m22-visible-walk.spec.ts e2e/m22-playability-visible.spec.ts e2e/minigames.spec.ts	2026-09-26T14:27:30.3273044Z       157 |       recipe.station === 'machine' ? before.machine.status : before.stations[recipe.station].status,
game	Run npx playwright test e2e/game.spec.ts e2e/m22-boundaries.spec.ts e2e/m22-growth.spec.ts e2e/m22-visible-walk.spec.ts e2e/m22-playability-visible.spec.ts e2e/minigames.spec.ts	2026-09-26T14:27:30.3274082Z     > 158 |     ).toBe('processing');
game	Run npx playwright test e2e/game.spec.ts e2e/m22-boundaries.spec.ts e2e/m22-growth.spec.ts e2e/m22-visible-walk.spec.ts e2e/m22-playability-visible.spec.ts e2e/minigames.spec.ts	2026-09-26T14:27:30.3274568Z           |       ^
game	Run npx playwright test e2e/game.spec.ts e2e/m22-boundaries.spec.ts e2e/m22-growth.spec.ts e2e/m22-visible-walk.spec.ts e2e/m22-playability-visible.spec.ts e2e/minigames.spec.ts	2026-09-26T14:27:30.3275263Z       159 |     if (recipe.station === 'grill') await p.setViewportSize({ width: 768, height: 1024 });
game	Run npx playwright test e2e/game.spec.ts e2e/m22-boundaries.spec.ts e2e/m22-growth.spec.ts e2e/m22-visible-walk.spec.ts e2e/m22-playability-visible.spec.ts e2e/minigames.spec.ts	2026-09-26T14:27:30.3276151Z       160 |     await p.reload();
game	Run npx playwright test e2e/game.spec.ts e2e/m22-boundaries.spec.ts e2e/m22-growth.spec.ts e2e/m22-visible-walk.spec.ts e2e/m22-playability-visible.spec.ts e2e/minigames.spec.ts	2026-09-26T14:27:30.3276827Z       161 |     await p.locator('.yard-story .entry-main').tap();
game	Run npx playwright test e2e/game.spec.ts e2e/m22-boundaries.spec.ts e2e/m22-growth.spec.ts e2e/m22-visible-walk.spec.ts e2e/m22-playability-visible.spec.ts e2e/minigames.spec.ts	2026-09-26T14:27:30.3278201Z         at make (/home/runner/work/tabby-english-food-truck/tabby-english-food-truck/e2e/helpers.ts:158:7)
game	Run npx playwright test e2e/game.spec.ts e2e/m22-boundaries.spec.ts e2e/m22-growth.spec.ts e2e/m22-visible-walk.spec.ts e2e/m22-playability-visible.spec.ts e2e/minigames.spec.ts	2026-09-26T14:27:30.3279737Z         at serve (/home/runner/work/tabby-english-food-truck/tabby-english-food-truck/e2e/helpers.ts:234:18)
game	Run npx playwright test e2e/game.spec.ts e2e/m22-boundaries.spec.ts e2e/m22-growth.spec.ts e2e/m22-visible-walk.spec.ts e2e/m22-playability-visible.spec.ts e2e/minigames.spec.ts	2026-09-26T14:27:30.3281234Z         at /home/runner/work/tabby-english-food-truck/tabby-english-food-truck/e2e/game.spec.ts:30:7
game	Run npx playwright test e2e/game.spec.ts e2e/m22-boundaries.spec.ts e2e/m22-growth.spec.ts e2e/m22-visible-walk.spec.ts e2e/m22-playability-visible.spec.ts e2e/minigames.spec.ts	2026-09-26T14:27:30.3281965Z 
game	Run npx playwright test e2e/game.spec.ts e2e/m22-boundaries.spec.ts e2e/m22-growth.spec.ts e2e/m22-visible-walk.spec.ts e2e/m22-playability-visible.spec.ts e2e/minigames.spec.ts	2026-09-26T14:27:30.3282829Z     attachment #1: screenshot (image/png) ──────────────────────────────────────────────────────────
game	Run npx playwright test e2e/game.spec.ts e2e/m22-boundaries.spec.ts e2e/m22-growth.spec.ts e2e/m22-visible-walk.spec.ts e2e/m22-playability-visible.spec.ts e2e/minigames.spec.ts	2026-09-26T14:27:30.3284749Z     test-results/game-M2-phone-complete-cli-afae4-recipes-to-community-ending/test-failed-1.png
game	Run npx playwright test e2e/game.spec.ts e2e/m22-boundaries.spec.ts e2e/m22-growth.spec.ts e2e/m22-visible-walk.spec.ts e2e/m22-playability-visible.spec.ts e2e/minigames.spec.ts	2026-09-26T14:27:30.3286204Z     ────────────────────────────────────────────────────────────────────────────────────────────────
game	Run npx playwright test e2e/game.spec.ts e2e/m22-boundaries.spec.ts e2e/m22-growth.spec.ts e2e/m22-visible-walk.spec.ts e2e/m22-playability-visible.spec.ts e2e/minigames.spec.ts	2026-09-26T14:27:30.3286743Z 
game	Run npx playwright test e2e/game.spec.ts e2e/m22-boundaries.spec.ts e2e/m22-growth.spec.ts e2e/m22-visible-walk.spec.ts e2e/m22-playability-visible.spec.ts e2e/minigames.spec.ts	2026-09-26T14:27:30.3287535Z     attachment #2: video (video/webm) ──────────────────────────────────────────────────────────────
game	Run npx playwright test e2e/game.spec.ts e2e/m22-boundaries.spec.ts e2e/m22-growth.spec.ts e2e/m22-visible-walk.spec.ts e2e/m22-playability-visible.spec.ts e2e/minigames.spec.ts	2026-09-26T14:27:30.3289400Z     test-results/game-M2-phone-complete-cli-afae4-recipes-to-community-ending/video.webm
game	Run npx playwright test e2e/game.spec.ts e2e/m22-boundaries.spec.ts e2e/m22-growth.spec.ts e2e/m22-visible-walk.spec.ts e2e/m22-playability-visible.spec.ts e2e/minigames.spec.ts	2026-09-26T14:27:30.3290858Z     ────────────────────────────────────────────────────────────────────────────────────────────────
game	Run npx playwright test e2e/game.spec.ts e2e/m22-boundaries.spec.ts e2e/m22-growth.spec.ts e2e/m22-visible-walk.spec.ts e2e/m22-playability-visible.spec.ts e2e/minigames.spec.ts	2026-09-26T14:27:30.3291411Z 
game	Run npx playwright test e2e/game.spec.ts e2e/m22-boundaries.spec.ts e2e/m22-growth.spec.ts e2e/m22-visible-walk.spec.ts e2e/m22-playability-visible.spec.ts e2e/minigames.spec.ts	2026-09-26T14:27:30.3292172Z     Error Context: test-results/game-M2-phone-complete-cli-afae4-recipes-to-community-ending/error-context.md
game	Run npx playwright test e2e/game.spec.ts e2e/m22-boundaries.spec.ts e2e/m22-growth.spec.ts e2e/m22-visible-walk.spec.ts e2e/m22-playability-visible.spec.ts e2e/minigames.spec.ts	2026-09-26T14:27:30.3293069Z 
game	Run npx playwright test e2e/game.spec.ts e2e/m22-boundaries.spec.ts e2e/m22-growth.spec.ts e2e/m22-visible-walk.spec.ts e2e/m22-playability-visible.spec.ts e2e/minigames.spec.ts	2026-09-26T14:27:30.3294338Z   2) e2e/m22-boundaries.spec.ts:11:1 › phone wrong delivery, full reserved plate, cancel/multitouch and short landscape keep real inventory 
game	Run npx playwright test e2e/game.spec.ts e2e/m22-boundaries.spec.ts e2e/m22-growth.spec.ts e2e/m22-visible-walk.spec.ts e2e/m22-playability-visible.spec.ts e2e/minigames.spec.ts	2026-09-26T14:27:30.3295366Z 
game	Run npx playwright test e2e/game.spec.ts e2e/m22-boundaries.spec.ts e2e/m22-growth.spec.ts e2e/m22-visible-walk.spec.ts e2e/m22-playability-visible.spec.ts e2e/minigames.spec.ts	2026-09-26T14:27:30.3295657Z     Error: expect(received).toHaveLength(expected)
game	Run npx playwright test e2e/game.spec.ts e2e/m22-boundaries.spec.ts e2e/m22-growth.spec.ts e2e/m22-visible-walk.spec.ts e2e/m22-playability-visible.spec.ts e2e/minigames.spec.ts	2026-09-26T14:27:30.3296031Z 
game	Run npx playwright test e2e/game.spec.ts e2e/m22-boundaries.spec.ts e2e/m22-growth.spec.ts e2e/m22-visible-walk.spec.ts e2e/m22-playability-visible.spec.ts e2e/minigames.spec.ts	2026-09-26T14:27:30.3296190Z     Expected length: 4
game	Run npx playwright test e2e/game.spec.ts e2e/m22-boundaries.spec.ts e2e/m22-growth.spec.ts e2e/m22-visible-walk.spec.ts e2e/m22-playability-visible.spec.ts e2e/minigames.spec.ts	2026-09-26T14:27:30.3296950Z     Received length: 3
game	Run npx playwright test e2e/game.spec.ts e2e/m22-boundaries.spec.ts e2e/m22-growth.spec.ts e2e/m22-visible-walk.spec.ts e2e/m22-playability-visible.spec.ts e2e/minigames.spec.ts	2026-09-26T14:27:30.3298660Z     Received array:  [{"id": "food-2", "location": "tray:0:0", "product": "juice"}, {"id": "food-5", "location": "tray:0:1", "product": "banana"}, {"id": "food-6", "location": "tray:0:2", "product": "apple"}]
game	Run npx playwright test e2e/game.spec.ts e2e/m22-boundaries.spec.ts e2e/m22-growth.spec.ts e2e/m22-visible-walk.spec.ts e2e/m22-playability-visible.spec.ts e2e/minigames.spec.ts	2026-09-26T14:27:30.3299776Z 
game	Run npx playwright test e2e/game.spec.ts e2e/m22-boundaries.spec.ts e2e/m22-growth.spec.ts e2e/m22-visible-walk.spec.ts e2e/m22-playability-visible.spec.ts e2e/minigames.spec.ts	2026-09-26T14:27:30.3300079Z       44 |   expect(full.routing.machine).not.toBeNull();
game	Run npx playwright test e2e/game.spec.ts e2e/m22-boundaries.spec.ts e2e/m22-growth.spec.ts e2e/m22-visible-walk.spec.ts e2e/m22-playability-visible.spec.ts e2e/minigames.spec.ts	2026-09-26T14:27:30.3300756Z       45 |   await tap(page, 'supply-apple');
game	Run npx playwright test e2e/game.spec.ts e2e/m22-boundaries.spec.ts e2e/m22-growth.spec.ts e2e/m22-visible-walk.spec.ts e2e/m22-playability-visible.spec.ts e2e/minigames.spec.ts	2026-09-26T14:27:30.3301599Z     > 46 |   expect((await state(page)).items).toHaveLength(full.items.length);
game	Run npx playwright test e2e/game.spec.ts e2e/m22-boundaries.spec.ts e2e/m22-growth.spec.ts e2e/m22-visible-walk.spec.ts e2e/m22-playability-visible.spec.ts e2e/minigames.spec.ts	2026-09-26T14:27:30.3302414Z          |                                     ^
game	Run npx playwright test e2e/game.spec.ts e2e/m22-boundaries.spec.ts e2e/m22-growth.spec.ts e2e/m22-visible-walk.spec.ts e2e/m22-playability-visible.spec.ts e2e/minigames.spec.ts	2026-09-26T14:27:30.3303133Z       47 |   const attempts = (await state(page)).attempts.length;
game	Run npx playwright test e2e/game.spec.ts e2e/m22-boundaries.spec.ts e2e/m22-growth.spec.ts e2e/m22-visible-walk.spec.ts e2e/m22-playability-visible.spec.ts e2e/minigames.spec.ts	2026-09-26T14:27:30.3304282Z       48 |   await page.getByRole('button', { name: '送餐 ↗', exact: true }).tap();
game	Run npx playwright test e2e/game.spec.ts e2e/m22-boundaries.spec.ts e2e/m22-growth.spec.ts e2e/m22-visible-walk.spec.ts e2e/m22-playability-visible.spec.ts e2e/minigames.spec.ts	2026-09-26T14:27:30.3305542Z       49 |   await page.getByRole('group', { name: '选择送餐客人' }).getByRole('button').first().tap();
game	Run npx playwright test e2e/game.spec.ts e2e/m22-boundaries.spec.ts e2e/m22-growth.spec.ts e2e/m22-visible-walk.spec.ts e2e/m22-playability-visible.spec.ts e2e/minigames.spec.ts	2026-09-26T14:27:30.3306875Z         at /home/runner/work/tabby-english-food-truck/tabby-english-food-truck/e2e/m22-boundaries.spec.ts:46:37
game	Run npx playwright test e2e/game.spec.ts e2e/m22-boundaries.spec.ts e2e/m22-growth.spec.ts e2e/m22-visible-walk.spec.ts e2e/m22-playability-visible.spec.ts e2e/minigames.spec.ts	2026-09-26T14:27:30.3307705Z 
game	Run npx playwright test e2e/game.spec.ts e2e/m22-boundaries.spec.ts e2e/m22-growth.spec.ts e2e/m22-visible-walk.spec.ts e2e/m22-playability-visible.spec.ts e2e/minigames.spec.ts	2026-09-26T14:27:30.3308726Z     attachment #1: screenshot (image/png) ──────────────────────────────────────────────────────────
game	Run npx playwright test e2e/game.spec.ts e2e/m22-boundaries.spec.ts e2e/m22-growth.spec.ts e2e/m22-visible-walk.spec.ts e2e/m22-playability-visible.spec.ts e2e/minigames.spec.ts	2026-09-26T14:27:30.3310030Z     test-results/m22-boundaries-phone-wrong-a3848-ndscape-keep-real-inventory/test-failed-1.png
game	Run npx playwright test e2e/game.spec.ts e2e/m22-boundaries.spec.ts e2e/m22-growth.spec.ts e2e/m22-visible-walk.spec.ts e2e/m22-playability-visible.spec.ts e2e/minigames.spec.ts	2026-09-26T14:27:30.3311447Z     ────────────────────────────────────────────────────────────────────────────────────────────────
game	Run npx playwright test e2e/game.spec.ts e2e/m22-boundaries.spec.ts e2e/m22-growth.spec.ts e2e/m22-visible-walk.spec.ts e2e/m22-playability-visible.spec.ts e2e/minigames.spec.ts	2026-09-26T14:27:30.3311957Z 
game	Run npx playwright test e2e/game.spec.ts e2e/m22-boundaries.spec.ts e2e/m22-growth.spec.ts e2e/m22-visible-walk.spec.ts e2e/m22-playability-visible.spec.ts e2e/minigames.spec.ts	2026-09-26T14:27:30.3312690Z     attachment #2: video (video/webm) ──────────────────────────────────────────────────────────────
game	Run npx playwright test e2e/game.spec.ts e2e/m22-boundaries.spec.ts e2e/m22-growth.spec.ts e2e/m22-visible-walk.spec.ts e2e/m22-playability-visible.spec.ts e2e/minigames.spec.ts	2026-09-26T14:27:30.3313863Z     test-results/m22-boundaries-phone-wrong-a3848-ndscape-keep-real-inventory/video.webm
game	Run npx playwright test e2e/game.spec.ts e2e/m22-boundaries.spec.ts e2e/m22-growth.spec.ts e2e/m22-visible-walk.spec.ts e2e/m22-playability-visible.spec.ts e2e/minigames.spec.ts	2026-09-26T14:27:30.3315470Z     ────────────────────────────────────────────────────────────────────────────────────────────────
game	Run npx playwright test e2e/game.spec.ts e2e/m22-boundaries.spec.ts e2e/m22-growth.spec.ts e2e/m22-visible-walk.spec.ts e2e/m22-playability-visible.spec.ts e2e/minigames.spec.ts	2026-09-26T14:27:30.3315975Z 
game	Run npx playwright test e2e/game.spec.ts e2e/m22-boundaries.spec.ts e2e/m22-growth.spec.ts e2e/m22-visible-walk.spec.ts e2e/m22-playability-visible.spec.ts e2e/minigames.spec.ts	2026-09-26T14:27:30.3316730Z     Error Context: test-results/m22-boundaries-phone-wrong-a3848-ndscape-keep-real-inventory/error-context.md
game	Run npx playwright test e2e/game.spec.ts e2e/m22-boundaries.spec.ts e2e/m22-growth.spec.ts e2e/m22-visible-walk.spec.ts e2e/m22-playability-visible.spec.ts e2e/minigames.spec.ts	2026-09-26T14:27:30.3317572Z 
game	Run npx playwright test e2e/game.spec.ts e2e/m22-boundaries.spec.ts e2e/m22-growth.spec.ts e2e/m22-visible-walk.spec.ts e2e/m22-playability-visible.spec.ts e2e/minigames.spec.ts	2026-09-26T14:27:30.3318857Z   3) e2e/m22-boundaries.spec.ts:131:1 › audio loading failure exposes correct retry, never blocks supplies or creates a language error 
game	Run npx playwright test e2e/game.spec.ts e2e/m22-boundaries.spec.ts e2e/m22-growth.spec.ts e2e/m22-visible-walk.spec.ts e2e/m22-playability-visible.spec.ts e2e/minigames.spec.ts	2026-09-26T14:27:30.3319754Z 
game	Run npx playwright test e2e/game.spec.ts e2e/m22-boundaries.spec.ts e2e/m22-growth.spec.ts e2e/m22-visible-walk.spec.ts e2e/m22-playability-visible.spec.ts e2e/minigames.spec.ts	2026-09-26T14:27:30.3320059Z     Error: expect(locator).toHaveCount(expected) failed
game	Run npx playwright test e2e/game.spec.ts e2e/m22-boundaries.spec.ts e2e/m22-growth.spec.ts e2e/m22-visible-walk.spec.ts e2e/m22-playability-visible.spec.ts e2e/minigames.spec.ts	2026-09-26T14:27:30.3320473Z 
game	Run npx playwright test e2e/game.spec.ts e2e/m22-boundaries.spec.ts e2e/m22-growth.spec.ts e2e/m22-visible-walk.spec.ts e2e/m22-playability-visible.spec.ts e2e/minigames.spec.ts	2026-09-26T14:27:30.3320870Z     Locator:  getByRole('button', { name: '跳过开场' })
game	Run npx playwright test e2e/game.spec.ts e2e/m22-boundaries.spec.ts e2e/m22-growth.spec.ts e2e/m22-visible-walk.spec.ts e2e/m22-playability-visible.spec.ts e2e/minigames.spec.ts	2026-09-26T14:27:30.3321390Z     Expected: 0
game	Run npx playwright test e2e/game.spec.ts e2e/m22-boundaries.spec.ts e2e/m22-growth.spec.ts e2e/m22-visible-walk.spec.ts e2e/m22-playability-visible.spec.ts e2e/minigames.spec.ts	2026-09-26T14:27:30.3321738Z     Received: 1
game	Run npx playwright test e2e/game.spec.ts e2e/m22-boundaries.spec.ts e2e/m22-growth.spec.ts e2e/m22-visible-walk.spec.ts e2e/m22-playability-visible.spec.ts e2e/minigames.spec.ts	2026-09-26T14:27:30.3322081Z     Timeout:  6000ms
game	Run npx playwright test e2e/game.spec.ts e2e/m22-boundaries.spec.ts e2e/m22-growth.spec.ts e2e/m22-visible-walk.spec.ts e2e/m22-playability-visible.spec.ts e2e/minigames.spec.ts	2026-09-26T14:27:30.3322300Z 
game	Run npx playwright test e2e/game.spec.ts e2e/m22-boundaries.spec.ts e2e/m22-growth.spec.ts e2e/m22-visible-walk.spec.ts e2e/m22-playability-visible.spec.ts e2e/minigames.spec.ts	2026-09-26T14:27:30.3322435Z     Call log:
game	Run npx playwright test e2e/game.spec.ts e2e/m22-boundaries.spec.ts e2e/m22-growth.spec.ts e2e/m22-visible-walk.spec.ts e2e/m22-playability-visible.spec.ts e2e/minigames.spec.ts	2026-09-26T14:27:30.3323257Z       - Expect "toHaveCount" getByRole('button', { name: '跳过开场' }) with timeout 6000ms
game	Run npx playwright test e2e/game.spec.ts e2e/m22-boundaries.spec.ts e2e/m22-growth.spec.ts e2e/m22-visible-walk.spec.ts e2e/m22-playability-visible.spec.ts e2e/minigames.spec.ts	2026-09-26T14:27:30.3324248Z       - waiting for getByRole('button', { name: '跳过开场' })
game	Run npx playwright test e2e/game.spec.ts e2e/m22-boundaries.spec.ts e2e/m22-growth.spec.ts e2e/m22-visible-walk.spec.ts e2e/m22-playability-visible.spec.ts e2e/minigames.spec.ts	2026-09-26T14:27:30.3324941Z         14 × locator resolved to 1 element
game	Run npx playwright test e2e/game.spec.ts e2e/m22-boundaries.spec.ts e2e/m22-growth.spec.ts e2e/m22-visible-walk.spec.ts e2e/m22-playability-visible.spec.ts e2e/minigames.spec.ts	2026-09-26T14:27:30.3325474Z            - unexpected value "1"
game	Run npx playwright test e2e/game.spec.ts e2e/m22-boundaries.spec.ts e2e/m22-growth.spec.ts e2e/m22-visible-walk.spec.ts e2e/m22-playability-visible.spec.ts e2e/minigames.spec.ts	2026-09-26T14:27:30.3325999Z 
game	Run npx playwright test e2e/game.spec.ts e2e/m22-boundaries.spec.ts e2e/m22-growth.spec.ts e2e/m22-visible-walk.spec.ts e2e/m22-playability-visible.spec.ts e2e/minigames.spec.ts	2026-09-26T14:27:30.3326010Z 
game	Run npx playwright test e2e/game.spec.ts e2e/m22-boundaries.spec.ts e2e/m22-growth.spec.ts e2e/m22-visible-walk.spec.ts e2e/m22-playability-visible.spec.ts e2e/minigames.spec.ts	2026-09-26T14:27:30.3326167Z        at helpers.ts:46
game	Run npx playwright test e2e/game.spec.ts e2e/m22-boundaries.spec.ts e2e/m22-growth.spec.ts e2e/m22-visible-walk.spec.ts e2e/m22-playability-visible.spec.ts e2e/minigames.spec.ts	2026-09-26T14:27:30.3326419Z 
game	Run npx playwright test e2e/game.spec.ts e2e/m22-boundaries.spec.ts e2e/m22-growth.spec.ts e2e/m22-visible-walk.spec.ts e2e/m22-playability-visible.spec.ts e2e/minigames.spec.ts	2026-09-26T14:27:30.3326679Z       44 |       await opening.tap({ timeout: 700 });
game	Run npx playwright test e2e/game.spec.ts e2e/m22-boundaries.spec.ts e2e/m22-growth.spec.ts e2e/m22-visible-walk.spec.ts e2e/m22-playability-visible.spec.ts e2e/minigames.spec.ts	2026-09-26T14:27:30.3327208Z       45 |     } catch {
game	Run npx playwright test e2e/game.spec.ts e2e/m22-boundaries.spec.ts e2e/m22-growth.spec.ts e2e/m22-visible-walk.spec.ts e2e/m22-playability-visible.spec.ts e2e/minigames.spec.ts	2026-09-26T14:27:30.3327715Z     > 46 |       await expect(opening).toHaveCount(0);
game	Run npx playwright test e2e/game.spec.ts e2e/m22-boundaries.spec.ts e2e/m22-growth.spec.ts e2e/m22-visible-walk.spec.ts e2e/m22-playability-visible.spec.ts e2e/minigames.spec.ts	2026-09-26T14:27:30.3328519Z          |                             ^
game	Run npx playwright test e2e/game.spec.ts e2e/m22-boundaries.spec.ts e2e/m22-growth.spec.ts e2e/m22-visible-walk.spec.ts e2e/m22-playability-visible.spec.ts e2e/minigames.spec.ts	2026-09-26T14:27:30.3328965Z       47 |     }
game	Run npx playwright test e2e/game.spec.ts e2e/m22-boundaries.spec.ts e2e/m22-growth.spec.ts e2e/m22-visible-walk.spec.ts e2e/m22-playability-visible.spec.ts e2e/minigames.spec.ts	2026-09-26T14:27:30.3329313Z       48 |   }
game	Run npx playwright test e2e/game.spec.ts e2e/m22-boundaries.spec.ts e2e/m22-growth.spec.ts e2e/m22-visible-walk.spec.ts e2e/m22-playability-visible.spec.ts e2e/minigames.spec.ts	2026-09-26T14:27:30.3330100Z       49 |   await expect(p.getByRole('dialog', { name: '场景小教学' })).toBeVisible();
game	Run npx playwright test e2e/game.spec.ts e2e/m22-boundaries.spec.ts e2e/m22-growth.spec.ts e2e/m22-visible-walk.spec.ts e2e/m22-playability-visible.spec.ts e2e/minigames.spec.ts	2026-09-26T14:27:30.3331229Z         at startStory (/home/runner/work/tabby-english-food-truck/tabby-english-food-truck/e2e/helpers.ts:46:29)
game	Run npx playwright test e2e/game.spec.ts e2e/m22-boundaries.spec.ts e2e/m22-growth.spec.ts e2e/m22-visible-walk.spec.ts e2e/m22-playability-visible.spec.ts e2e/minigames.spec.ts	2026-09-26T14:27:30.3332685Z         at /home/runner/work/tabby-english-food-truck/tabby-english-food-truck/e2e/m22-boundaries.spec.ts:135:3
game	Run npx playwright test e2e/game.spec.ts e2e/m22-boundaries.spec.ts e2e/m22-growth.spec.ts e2e/m22-visible-walk.spec.ts e2e/m22-playability-visible.spec.ts e2e/minigames.spec.ts	2026-09-26T14:27:30.3333431Z 
game	Run npx playwright test e2e/game.spec.ts e2e/m22-boundaries.spec.ts e2e/m22-growth.spec.ts e2e/m22-visible-walk.spec.ts e2e/m22-playability-visible.spec.ts e2e/minigames.spec.ts	2026-09-26T14:27:30.3334160Z     attachment #1: screenshot (image/png) ──────────────────────────────────────────────────────────
game	Run npx playwright test e2e/game.spec.ts e2e/m22-boundaries.spec.ts e2e/m22-growth.spec.ts e2e/m22-visible-walk.spec.ts e2e/m22-playability-visible.spec.ts e2e/minigames.spec.ts	2026-09-26T14:27:30.3335509Z     test-results/m22-boundaries-audio-loadi-7c1df-or-creates-a-language-error/test-failed-1.png
game	Run npx playwright test e2e/game.spec.ts e2e/m22-boundaries.spec.ts e2e/m22-growth.spec.ts e2e/m22-visible-walk.spec.ts e2e/m22-playability-visible.spec.ts e2e/minigames.spec.ts	2026-09-26T14:27:30.3336940Z     ────────────────────────────────────────────────────────────────────────────────────────────────
game	Run npx playwright test e2e/game.spec.ts e2e/m22-boundaries.spec.ts e2e/m22-growth.spec.ts e2e/m22-visible-walk.spec.ts e2e/m22-playability-visible.spec.ts e2e/minigames.spec.ts	2026-09-26T14:27:30.3337467Z 
game	Run npx playwright test e2e/game.spec.ts e2e/m22-boundaries.spec.ts e2e/m22-growth.spec.ts e2e/m22-visible-walk.spec.ts e2e/m22-playability-visible.spec.ts e2e/minigames.spec.ts	2026-09-26T14:27:30.3338457Z     attachment #2: video (video/webm) ──────────────────────────────────────────────────────────────
game	Run npx playwright test e2e/game.spec.ts e2e/m22-boundaries.spec.ts e2e/m22-growth.spec.ts e2e/m22-visible-walk.spec.ts e2e/m22-playability-visible.spec.ts e2e/minigames.spec.ts	2026-09-26T14:27:30.3339670Z     test-results/m22-boundaries-audio-loadi-7c1df-or-creates-a-language-error/video.webm
game	Run npx playwright test e2e/game.spec.ts e2e/m22-boundaries.spec.ts e2e/m22-growth.spec.ts e2e/m22-visible-walk.spec.ts e2e/m22-playability-visible.spec.ts e2e/minigames.spec.ts	2026-09-26T14:27:30.3341013Z     ────────────────────────────────────────────────────────────────────────────────────────────────
game	Run npx playwright test e2e/game.spec.ts e2e/m22-boundaries.spec.ts e2e/m22-growth.spec.ts e2e/m22-visible-walk.spec.ts e2e/m22-playability-visible.spec.ts e2e/minigames.spec.ts	2026-09-26T14:27:30.3341524Z 
game	Run npx playwright test e2e/game.spec.ts e2e/m22-boundaries.spec.ts e2e/m22-growth.spec.ts e2e/m22-visible-walk.spec.ts e2e/m22-playability-visible.spec.ts e2e/minigames.spec.ts	2026-09-26T14:27:30.3342308Z     Error Context: test-results/m22-boundaries-audio-loadi-7c1df-or-creates-a-language-error/error-context.md
game	Run npx playwright test e2e/game.spec.ts e2e/m22-boundaries.spec.ts e2e/m22-growth.spec.ts e2e/m22-visible-walk.spec.ts e2e/m22-playability-visible.spec.ts e2e/minigames.spec.ts	2026-09-26T14:27:30.3343133Z 
game	Run npx playwright test e2e/game.spec.ts e2e/m22-boundaries.spec.ts e2e/m22-growth.spec.ts e2e/m22-visible-walk.spec.ts e2e/m22-playability-visible.spec.ts e2e/minigames.spec.ts	2026-09-26T14:27:30.3344185Z   4) e2e/m22-playability-visible.spec.ts:157:1 › visible picture and recipe walk completes four cooking families and mixed late service 
game	Run npx playwright test e2e/game.spec.ts e2e/m22-boundaries.spec.ts e2e/m22-growth.spec.ts e2e/m22-visible-walk.spec.ts e2e/m22-playability-visible.spec.ts e2e/minigames.spec.ts	2026-09-26T14:27:30.3345121Z 
game	Run npx playwright test e2e/game.spec.ts e2e/m22-boundaries.spec.ts e2e/m22-growth.spec.ts e2e/m22-visible-walk.spec.ts e2e/m22-playability-visible.spec.ts e2e/minigames.spec.ts	2026-09-26T14:27:30.3345341Z     Test timeout of 600000ms exceeded.
game	Run npx playwright test e2e/game.spec.ts e2e/m22-boundaries.spec.ts e2e/m22-growth.spec.ts e2e/m22-visible-walk.spec.ts e2e/m22-playability-visible.spec.ts e2e/minigames.spec.ts	2026-09-26T14:27:30.3345653Z 
game	Run npx playwright test e2e/game.spec.ts e2e/m22-boundaries.spec.ts e2e/m22-growth.spec.ts e2e/m22-visible-walk.spec.ts e2e/m22-playability-visible.spec.ts e2e/minigames.spec.ts	2026-09-26T14:27:30.3346024Z     Error: locator.boundingBox: Test timeout of 600000ms exceeded.
game	Run npx playwright test e2e/game.spec.ts e2e/m22-boundaries.spec.ts e2e/m22-growth.spec.ts e2e/m22-visible-walk.spec.ts e2e/m22-playability-visible.spec.ts e2e/minigames.spec.ts	2026-09-26T14:27:30.3346630Z     Call log:
game	Run npx playwright test e2e/game.spec.ts e2e/m22-boundaries.spec.ts e2e/m22-growth.spec.ts e2e/m22-visible-walk.spec.ts e2e/m22-playability-visible.spec.ts e2e/minigames.spec.ts	2026-09-26T14:27:30.3347104Z       - waiting for locator('[data-hotspot="note"]')
game	Run npx playwright test e2e/game.spec.ts e2e/m22-boundaries.spec.ts e2e/m22-growth.spec.ts e2e/m22-visible-walk.spec.ts e2e/m22-playability-visible.spec.ts e2e/minigames.spec.ts	2026-09-26T14:27:30.3348775Z         - locator resolved to visible <button tabindex="0" type="button" aria-label="请小猫帮忙" data-hotspot="note">请小猫帮忙</button>
game	Run npx playwright test e2e/game.spec.ts e2e/m22-boundaries.spec.ts e2e/m22-growth.spec.ts e2e/m22-visible-walk.spec.ts e2e/m22-playability-visible.spec.ts e2e/minigames.spec.ts	2026-09-26T14:27:30.3349589Z 
game	Run npx playwright test e2e/game.spec.ts e2e/m22-boundaries.spec.ts e2e/m22-growth.spec.ts e2e/m22-visible-walk.spec.ts e2e/m22-playability-visible.spec.ts e2e/minigames.spec.ts	2026-09-26T14:27:30.3349602Z 
game	Run npx playwright test e2e/game.spec.ts e2e/m22-boundaries.spec.ts e2e/m22-growth.spec.ts e2e/m22-visible-walk.spec.ts e2e/m22-playability-visible.spec.ts e2e/minigames.spec.ts	2026-09-26T14:27:30.3349749Z       21 |
game	Run npx playwright test e2e/game.spec.ts e2e/m22-boundaries.spec.ts e2e/m22-growth.spec.ts e2e/m22-visible-walk.spec.ts e2e/m22-playability-visible.spec.ts e2e/minigames.spec.ts	2026-09-26T14:27:30.3350485Z       22 | async function touch(page: Page, target: Locator, kind: keyof typeof cost) {
game	Run npx playwright test e2e/game.spec.ts e2e/m22-boundaries.spec.ts e2e/m22-growth.spec.ts e2e/m22-visible-walk.spec.ts e2e/m22-playability-visible.spec.ts e2e/minigames.spec.ts	2026-09-26T14:27:30.3351575Z     > 23 |   const box = await target.boundingBox();
game	Run npx playwright test e2e/game.spec.ts e2e/m22-boundaries.spec.ts e2e/m22-growth.spec.ts e2e/m22-visible-walk.spec.ts e2e/m22-playability-visible.spec.ts e2e/minigames.spec.ts	2026-09-26T14:27:30.3352123Z          |                            ^
game	Run npx playwright test e2e/game.spec.ts e2e/m22-boundaries.spec.ts e2e/m22-growth.spec.ts e2e/m22-visible-walk.spec.ts e2e/m22-playability-visible.spec.ts e2e/minigames.spec.ts	2026-09-26T14:27:30.3353004Z       24 |   if (!box) throw Error(`Missing visible target: ${await target.getAttribute('aria-label')}`);
game	Run npx playwright test e2e/game.spec.ts e2e/m22-boundaries.spec.ts e2e/m22-growth.spec.ts e2e/m22-visible-walk.spec.ts e2e/m22-playability-visible.spec.ts e2e/minigames.spec.ts	2026-09-26T14:27:30.3354146Z       25 |   await page.touchscreen.tap(box.x + box.width / 2, box.y + box.height / 2);
game	Run npx playwright test e2e/game.spec.ts e2e/m22-boundaries.spec.ts e2e/m22-growth.spec.ts e2e/m22-visible-walk.spec.ts e2e/m22-playability-visible.spec.ts e2e/minigames.spec.ts	2026-09-26T14:27:30.3354865Z       26 |   cost[kind]++;
game	Run npx playwright test e2e/game.spec.ts e2e/m22-boundaries.spec.ts e2e/m22-growth.spec.ts e2e/m22-visible-walk.spec.ts e2e/m22-playability-visible.spec.ts e2e/minigames.spec.ts	2026-09-26T14:27:30.3355946Z         at touch (/home/runner/work/tabby-english-food-truck/tabby-english-food-truck/e2e/m22-playability-visible.spec.ts:23:28)
game	Run npx playwright test e2e/game.spec.ts e2e/m22-boundaries.spec.ts e2e/m22-growth.spec.ts e2e/m22-visible-walk.spec.ts e2e/m22-playability-visible.spec.ts e2e/minigames.spec.ts	2026-09-26T14:27:30.3357737Z         at readVisibleRecipe (/home/runner/work/tabby-english-food-truck/tabby-english-food-truck/e2e/m22-playability-visible.spec.ts:59:9)
game	Run npx playwright test e2e/game.spec.ts e2e/m22-boundaries.spec.ts e2e/m22-growth.spec.ts e2e/m22-visible-walk.spec.ts e2e/m22-playability-visible.spec.ts e2e/minigames.spec.ts	2026-09-26T14:27:30.3359772Z         at makeVisible (/home/runner/work/tabby-english-food-truck/tabby-english-food-truck/e2e/m22-playability-visible.spec.ts:142:23)
game	Run npx playwright test e2e/game.spec.ts e2e/m22-boundaries.spec.ts e2e/m22-growth.spec.ts e2e/m22-visible-walk.spec.ts e2e/m22-playability-visible.spec.ts e2e/minigames.spec.ts	2026-09-26T14:27:30.3361471Z         at /home/runner/work/tabby-english-food-truck/tabby-english-food-truck/e2e/m22-playability-visible.spec.ts:192:39
game	Run npx playwright test e2e/game.spec.ts e2e/m22-boundaries.spec.ts e2e/m22-growth.spec.ts e2e/m22-visible-walk.spec.ts e2e/m22-playability-visible.spec.ts e2e/minigames.spec.ts	2026-09-26T14:27:30.3362316Z 
game	Run npx playwright test e2e/game.spec.ts e2e/m22-boundaries.spec.ts e2e/m22-growth.spec.ts e2e/m22-visible-walk.spec.ts e2e/m22-playability-visible.spec.ts e2e/minigames.spec.ts	2026-09-26T14:27:30.3363067Z     attachment #1: screenshot (image/png) ──────────────────────────────────────────────────────────
game	Run npx playwright test e2e/game.spec.ts e2e/m22-boundaries.spec.ts e2e/m22-growth.spec.ts e2e/m22-visible-walk.spec.ts e2e/m22-playability-visible.spec.ts e2e/minigames.spec.ts	2026-09-26T14:27:30.3364550Z     test-results/m22-playability-visible-vi-72799-lies-and-mixed-late-service/test-failed-1.png
game	Run npx playwright test e2e/game.spec.ts e2e/m22-boundaries.spec.ts e2e/m22-growth.spec.ts e2e/m22-visible-walk.spec.ts e2e/m22-playability-visible.spec.ts e2e/minigames.spec.ts	2026-09-26T14:27:30.3365910Z     ────────────────────────────────────────────────────────────────────────────────────────────────
game	Run npx playwright test e2e/game.spec.ts e2e/m22-boundaries.spec.ts e2e/m22-growth.spec.ts e2e/m22-visible-walk.spec.ts e2e/m22-playability-visible.spec.ts e2e/minigames.spec.ts	2026-09-26T14:27:30.3366418Z 
game	Run npx playwright test e2e/game.spec.ts e2e/m22-boundaries.spec.ts e2e/m22-growth.spec.ts e2e/m22-visible-walk.spec.ts e2e/m22-playability-visible.spec.ts e2e/minigames.spec.ts	2026-09-26T14:27:30.3367125Z     attachment #2: video (video/webm) ──────────────────────────────────────────────────────────────
game	Run npx playwright test e2e/game.spec.ts e2e/m22-boundaries.spec.ts e2e/m22-growth.spec.ts e2e/m22-visible-walk.spec.ts e2e/m22-playability-visible.spec.ts e2e/minigames.spec.ts	2026-09-26T14:27:30.3368496Z     test-results/m22-playability-visible-vi-72799-lies-and-mixed-late-service/video.webm
game	Run npx playwright test e2e/game.spec.ts e2e/m22-boundaries.spec.ts e2e/m22-growth.spec.ts e2e/m22-visible-walk.spec.ts e2e/m22-playability-visible.spec.ts e2e/minigames.spec.ts	2026-09-26T14:27:30.3369835Z     ────────────────────────────────────────────────────────────────────────────────────────────────
game	Run npx playwright test e2e/game.spec.ts e2e/m22-boundaries.spec.ts e2e/m22-growth.spec.ts e2e/m22-visible-walk.spec.ts e2e/m22-playability-visible.spec.ts e2e/minigames.spec.ts	2026-09-26T14:27:30.3370348Z 
game	Run npx playwright test e2e/game.spec.ts e2e/m22-boundaries.spec.ts e2e/m22-growth.spec.ts e2e/m22-visible-walk.spec.ts e2e/m22-playability-visible.spec.ts e2e/minigames.spec.ts	2026-09-26T14:27:30.3371092Z     Error Context: test-results/m22-playability-visible-vi-72799-lies-and-mixed-late-service/error-context.md
game	Run npx playwright test e2e/game.spec.ts e2e/m22-boundaries.spec.ts e2e/m22-growth.spec.ts e2e/m22-visible-walk.spec.ts e2e/m22-playability-visible.spec.ts e2e/minigames.spec.ts	2026-09-26T14:27:30.3371922Z 
game	Run npx playwright test e2e/game.spec.ts e2e/m22-boundaries.spec.ts e2e/m22-growth.spec.ts e2e/m22-visible-walk.spec.ts e2e/m22-playability-visible.spec.ts e2e/minigames.spec.ts	2026-09-26T14:27:30.3372666Z   5) e2e/minigames.spec.ts:44:3 › M2 spell complete four rounds, help, resume, settlement and return 
game	Run npx playwright test e2e/game.spec.ts e2e/m22-boundaries.spec.ts e2e/m22-growth.spec.ts e2e/m22-visible-walk.spec.ts e2e/m22-playability-visible.spec.ts e2e/minigames.spec.ts	2026-09-26T14:27:30.3373368Z 
game	Run npx playwright test e2e/game.spec.ts e2e/m22-boundaries.spec.ts e2e/m22-growth.spec.ts e2e/m22-visible-walk.spec.ts e2e/m22-playability-visible.spec.ts e2e/minigames.spec.ts	2026-09-26T14:27:30.3373585Z     Test timeout of 90000ms exceeded.
game	Run npx playwright test e2e/game.spec.ts e2e/m22-boundaries.spec.ts e2e/m22-growth.spec.ts e2e/m22-visible-walk.spec.ts e2e/m22-playability-visible.spec.ts e2e/minigames.spec.ts	2026-09-26T14:27:30.3373923Z 
game	Run npx playwright test e2e/game.spec.ts e2e/m22-boundaries.spec.ts e2e/m22-growth.spec.ts e2e/m22-visible-walk.spec.ts e2e/m22-playability-visible.spec.ts e2e/minigames.spec.ts	2026-09-26T14:27:30.3374248Z     Error: locator.tap: Test timeout of 90000ms exceeded.
game	Run npx playwright test e2e/game.spec.ts e2e/m22-boundaries.spec.ts e2e/m22-growth.spec.ts e2e/m22-visible-walk.spec.ts e2e/m22-playability-visible.spec.ts e2e/minigames.spec.ts	2026-09-26T14:27:30.3374807Z     Call log:
game	Run npx playwright test e2e/game.spec.ts e2e/m22-boundaries.spec.ts e2e/m22-growth.spec.ts e2e/m22-visible-walk.spec.ts e2e/m22-playability-visible.spec.ts e2e/minigames.spec.ts	2026-09-26T14:27:30.3375587Z       - waiting for getByRole('button', { name: '字母 E letter-3-4', exact: true })
game	Run npx playwright test e2e/game.spec.ts e2e/m22-boundaries.spec.ts e2e/m22-growth.spec.ts e2e/m22-visible-walk.spec.ts e2e/m22-playability-visible.spec.ts e2e/minigames.spec.ts	2026-09-26T14:27:30.3376820Z         - locator resolved to <button type="button" aria-label="字母 E letter-3-4">E</button>
game	Run npx playwright test e2e/game.spec.ts e2e/m22-boundaries.spec.ts e2e/m22-growth.spec.ts e2e/m22-visible-walk.spec.ts e2e/m22-playability-visible.spec.ts e2e/minigames.spec.ts	2026-09-26T14:27:30.3377591Z       - attempting tap action
game	Run npx playwright test e2e/game.spec.ts e2e/m22-boundaries.spec.ts e2e/m22-growth.spec.ts e2e/m22-visible-walk.spec.ts e2e/m22-playability-visible.spec.ts e2e/minigames.spec.ts	2026-09-26T14:27:30.3378447Z         - waiting for element to be visible, enabled and stable
game	Run npx playwright test e2e/game.spec.ts e2e/m22-boundaries.spec.ts e2e/m22-growth.spec.ts e2e/m22-visible-walk.spec.ts e2e/m22-playability-visible.spec.ts e2e/minigames.spec.ts	2026-09-26T14:27:30.3379140Z         - element is visible, enabled and stable
game	Run npx playwright test e2e/game.spec.ts e2e/m22-boundaries.spec.ts e2e/m22-growth.spec.ts e2e/m22-visible-walk.spec.ts e2e/m22-playability-visible.spec.ts e2e/minigames.spec.ts	2026-09-26T14:27:30.3379698Z         - scrolling into view if needed
game	Run npx playwright test e2e/game.spec.ts e2e/m22-boundaries.spec.ts e2e/m22-growth.spec.ts e2e/m22-visible-walk.spec.ts e2e/m22-playability-visible.spec.ts e2e/minigames.spec.ts	2026-09-26T14:27:30.3380418Z         - done scrolling
game	Run npx playwright test e2e/game.spec.ts e2e/m22-boundaries.spec.ts e2e/m22-growth.spec.ts e2e/m22-visible-walk.spec.ts e2e/m22-playability-visible.spec.ts e2e/minigames.spec.ts	2026-09-26T14:27:30.3380871Z         - performing tap action
game	Run npx playwright test e2e/game.spec.ts e2e/m22-boundaries.spec.ts e2e/m22-growth.spec.ts e2e/m22-visible-walk.spec.ts e2e/m22-playability-visible.spec.ts e2e/minigames.spec.ts	2026-09-26T14:27:30.3381173Z 
game	Run npx playwright test e2e/game.spec.ts e2e/m22-boundaries.spec.ts e2e/m22-growth.spec.ts e2e/m22-visible-walk.spec.ts e2e/m22-playability-visible.spec.ts e2e/minigames.spec.ts	2026-09-26T14:27:30.3381187Z 
game	Run npx playwright test e2e/game.spec.ts e2e/m22-boundaries.spec.ts e2e/m22-growth.spec.ts e2e/m22-visible-walk.spec.ts e2e/m22-playability-visible.spec.ts e2e/minigames.spec.ts	2026-09-26T14:27:30.3381623Z       113 |             expect((await mini(page)).draft).not.toContain(letter.id);
game	Run npx playwright test e2e/game.spec.ts e2e/m22-boundaries.spec.ts e2e/m22-growth.spec.ts e2e/m22-visible-walk.spec.ts e2e/m22-playability-visible.spec.ts e2e/minigames.spec.ts	2026-09-26T14:27:30.3382301Z       114 |           }
game	Run npx playwright test e2e/game.spec.ts e2e/m22-boundaries.spec.ts e2e/m22-growth.spec.ts e2e/m22-visible-walk.spec.ts e2e/m22-playability-visible.spec.ts e2e/minigames.spec.ts	2026-09-26T14:27:30.3382768Z     > 115 |           await tile.tap();
game	Run npx playwright test e2e/game.spec.ts e2e/m22-boundaries.spec.ts e2e/m22-growth.spec.ts e2e/m22-visible-walk.spec.ts e2e/m22-playability-visible.spec.ts e2e/minigames.spec.ts	2026-09-26T14:27:30.3383286Z           |                      ^
game	Run npx playwright test e2e/game.spec.ts e2e/m22-boundaries.spec.ts e2e/m22-growth.spec.ts e2e/m22-visible-walk.spec.ts e2e/m22-playability-visible.spec.ts e2e/minigames.spec.ts	2026-09-26T14:27:30.3383731Z       116 |         }
game	Run npx playwright test e2e/game.spec.ts e2e/m22-boundaries.spec.ts e2e/m22-growth.spec.ts e2e/m22-visible-walk.spec.ts e2e/m22-playability-visible.spec.ts e2e/minigames.spec.ts	2026-09-26T14:27:30.3384152Z       117 |         if (n === 0) {
game	Run npx playwright test e2e/game.spec.ts e2e/m22-boundaries.spec.ts e2e/m22-growth.spec.ts e2e/m22-visible-walk.spec.ts e2e/m22-playability-visible.spec.ts e2e/minigames.spec.ts	2026-09-26T14:27:30.3384862Z       118 |           const draft = page.locator('.letter-draft button').last();
game	Run npx playwright test e2e/game.spec.ts e2e/m22-boundaries.spec.ts e2e/m22-growth.spec.ts e2e/m22-visible-walk.spec.ts e2e/m22-playability-visible.spec.ts e2e/minigames.spec.ts	2026-09-26T14:27:30.3386066Z         at /home/runner/work/tabby-english-food-truck/tabby-english-food-truck/e2e/minigames.spec.ts:115:22
game	Run npx playwright test e2e/game.spec.ts e2e/m22-boundaries.spec.ts e2e/m22-growth.spec.ts e2e/m22-visible-walk.spec.ts e2e/m22-playability-visible.spec.ts e2e/minigames.spec.ts	2026-09-26T14:27:30.3386785Z 
game	Run npx playwright test e2e/game.spec.ts e2e/m22-boundaries.spec.ts e2e/m22-growth.spec.ts e2e/m22-visible-walk.spec.ts e2e/m22-playability-visible.spec.ts e2e/minigames.spec.ts	2026-09-26T14:27:30.3387465Z     attachment #1: screenshot (image/png) ──────────────────────────────────────────────────────────
game	Run npx playwright test e2e/game.spec.ts e2e/m22-boundaries.spec.ts e2e/m22-growth.spec.ts e2e/m22-visible-walk.spec.ts e2e/m22-playability-visible.spec.ts e2e/minigames.spec.ts	2026-09-26T14:27:30.3388804Z     test-results/minigames-M2-spell-complet-8427f-esume-settlement-and-return/test-failed-1.png
game	Run npx playwright test e2e/game.spec.ts e2e/m22-boundaries.spec.ts e2e/m22-growth.spec.ts e2e/m22-visible-walk.spec.ts e2e/m22-playability-visible.spec.ts e2e/minigames.spec.ts	2026-09-26T14:27:30.3390156Z     ────────────────────────────────────────────────────────────────────────────────────────────────
game	Run npx playwright test e2e/game.spec.ts e2e/m22-boundaries.spec.ts e2e/m22-growth.spec.ts e2e/m22-visible-walk.spec.ts e2e/m22-playability-visible.spec.ts e2e/minigames.spec.ts	2026-09-26T14:27:30.3390923Z 
game	Run npx playwright test e2e/game.spec.ts e2e/m22-boundaries.spec.ts e2e/m22-growth.spec.ts e2e/m22-visible-walk.spec.ts e2e/m22-playability-visible.spec.ts e2e/minigames.spec.ts	2026-09-26T14:27:30.3391701Z     attachment #2: video (video/webm) ──────────────────────────────────────────────────────────────
game	Run npx playwright test e2e/game.spec.ts e2e/m22-boundaries.spec.ts e2e/m22-growth.spec.ts e2e/m22-visible-walk.spec.ts e2e/m22-playability-visible.spec.ts e2e/minigames.spec.ts	2026-09-26T14:27:30.3392896Z     test-results/minigames-M2-spell-complet-8427f-esume-settlement-and-return/video.webm
game	Run npx playwright test e2e/game.spec.ts e2e/m22-boundaries.spec.ts e2e/m22-growth.spec.ts e2e/m22-visible-walk.spec.ts e2e/m22-playability-visible.spec.ts e2e/minigames.spec.ts	2026-09-26T14:27:30.3394259Z     ────────────────────────────────────────────────────────────────────────────────────────────────
game	Run npx playwright test e2e/game.spec.ts e2e/m22-boundaries.spec.ts e2e/m22-growth.spec.ts e2e/m22-visible-walk.spec.ts e2e/m22-playability-visible.spec.ts e2e/minigames.spec.ts	2026-09-26T14:27:30.3394768Z 
game	Run npx playwright test e2e/game.spec.ts e2e/m22-boundaries.spec.ts e2e/m22-growth.spec.ts e2e/m22-visible-walk.spec.ts e2e/m22-playability-visible.spec.ts e2e/minigames.spec.ts	2026-09-26T14:27:30.3395514Z     Error Context: test-results/minigames-M2-spell-complet-8427f-esume-settlement-and-return/error-context.md
game	Run npx playwright test e2e/game.spec.ts e2e/m22-boundaries.spec.ts e2e/m22-growth.spec.ts e2e/m22-visible-walk.spec.ts e2e/m22-playability-visible.spec.ts e2e/minigames.spec.ts	2026-09-26T14:27:30.3396317Z 
game	Run npx playwright test e2e/game.spec.ts e2e/m22-boundaries.spec.ts e2e/m22-growth.spec.ts e2e/m22-visible-walk.spec.ts e2e/m22-playability-visible.spec.ts e2e/minigames.spec.ts	2026-09-26T14:27:30.3396674Z   Slow test file: e2e/m22-playability-visible.spec.ts (10.0m)
game	Run npx playwright test e2e/game.spec.ts e2e/m22-boundaries.spec.ts e2e/m22-growth.spec.ts e2e/m22-visible-walk.spec.ts e2e/m22-playability-visible.spec.ts e2e/minigames.spec.ts	2026-09-26T14:27:30.3397730Z   Consider running tests from slow files in parallel. See: https://playwright.dev/docs/test-parallel
game	Run npx playwright test e2e/game.spec.ts e2e/m22-boundaries.spec.ts e2e/m22-growth.spec.ts e2e/m22-visible-walk.spec.ts e2e/m22-playability-visible.spec.ts e2e/minigames.spec.ts	2026-09-26T14:27:30.3399001Z   5 failed
game	Run npx playwright test e2e/game.spec.ts e2e/m22-boundaries.spec.ts e2e/m22-growth.spec.ts e2e/m22-visible-walk.spec.ts e2e/m22-playability-visible.spec.ts e2e/minigames.spec.ts	2026-09-26T14:27:30.3399971Z     e2e/game.spec.ts:14:1 › M2 phone complete click story: prologue through all recipes to community ending 
game	Run npx playwright test e2e/game.spec.ts e2e/m22-boundaries.spec.ts e2e/m22-growth.spec.ts e2e/m22-visible-walk.spec.ts e2e/m22-playability-visible.spec.ts e2e/minigames.spec.ts	2026-09-26T14:27:30.3401716Z     e2e/m22-boundaries.spec.ts:11:1 › phone wrong delivery, full reserved plate, cancel/multitouch and short landscape keep real inventory 
game	Run npx playwright test e2e/game.spec.ts e2e/m22-boundaries.spec.ts e2e/m22-growth.spec.ts e2e/m22-visible-walk.spec.ts e2e/m22-playability-visible.spec.ts e2e/minigames.spec.ts	2026-09-26T14:27:30.3403629Z     e2e/m22-boundaries.spec.ts:131:1 › audio loading failure exposes correct retry, never blocks supplies or creates a language error 
game	Run npx playwright test e2e/game.spec.ts e2e/m22-boundaries.spec.ts e2e/m22-growth.spec.ts e2e/m22-visible-walk.spec.ts e2e/m22-playability-visible.spec.ts e2e/minigames.spec.ts	2026-09-26T14:27:30.3405515Z     e2e/m22-playability-visible.spec.ts:157:1 › visible picture and recipe walk completes four cooking families and mixed late service 
game	Run npx playwright test e2e/game.spec.ts e2e/m22-boundaries.spec.ts e2e/m22-growth.spec.ts e2e/m22-visible-walk.spec.ts e2e/m22-playability-visible.spec.ts e2e/minigames.spec.ts	2026-09-26T14:27:30.3407060Z     e2e/minigames.spec.ts:44:3 › M2 spell complete four rounds, help, resume, settlement and return 
game	Run npx playwright test e2e/game.spec.ts e2e/m22-boundaries.spec.ts e2e/m22-growth.spec.ts e2e/m22-visible-walk.spec.ts e2e/m22-playability-visible.spec.ts e2e/minigames.spec.ts	2026-09-26T14:27:30.3407863Z   6 passed (19.8m)
game	Run npx playwright test e2e/game.spec.ts e2e/m22-boundaries.spec.ts e2e/m22-growth.spec.ts e2e/m22-visible-walk.spec.ts e2e/m22-playability-visible.spec.ts e2e/minigames.spec.ts	2026-09-26T14:27:30.5291730Z ##[error]Process completed with exit code 1.
