
> tabby-english-food-truck@0.1.0 test:browser
> playwright test

[WebServer] (node:37926) Warning: The 'NO_COLOR' env is ignored due to the 'FORCE_COLOR' env being set.
[WebServer] (Use `node --trace-warnings ...` to show where the warning was created)
[WebServer] 
[WebServer] (!) Some chunks are larger than 500 kB after minification. Consider:
[WebServer] - Using dynamic import() to code-split the application
[WebServer] - Use build.rollupOptions.output.manualChunks to improve chunking: https://rollupjs.org/configuration-options/#output-manualchunks
[WebServer] - Adjust chunk size limit for this warning via build.chunkSizeWarningLimit.
[WebServer] (node:37990) Warning: The 'NO_COLOR' env is ignored due to the 'FORCE_COLOR' env being set.
[WebServer] (Use `node --trace-warnings ...` to show where the warning was created)

Running 17 tests using 1 worker

(node:38030) Warning: The 'NO_COLOR' env is ignored due to the 'FORCE_COLOR' env being set.
(Use `node --trace-warnings ...` to show where the warning was created)
  ✓   1 e2e/game.spec.ts:13:1 › M2 phone complete click story: prologue through all recipes to community ending (4.4m)
  ✓   2 e2e/game.spec.ts:52:1 › M2 quick input: immediate taps, same-entity double tap, nearby removal and explicit wrong delivery (17.3s)
  ✓   3 e2e/game.spec.ts:88:1 › M2 pause and homepage resume keep world; tutorials are separate from the session (14.3s)
(node:38364) Warning: The 'NO_COLOR' env is ignored due to the 'FORCE_COLOR' env being set.
(Use `node --trace-warnings ...` to show where the warning was created)
  ✓   4 e2e/minigames.spec.ts:39:3 › M2 match complete four rounds, help, resume, settlement and return (16.2s)
  ✓   5 e2e/minigames.spec.ts:39:3 › M2 spell complete four rounds, help, resume, settlement and return (35.5s)
  ✓   6 e2e/minigames.spec.ts:123:1 › M2 bilingual uses explicit support and preserves business inventory (5.9s)
  ✓   7 e2e/policy.spec.ts:6:1 › M2 increased support preserves active orders, reduces new concurrency and survives reload (33.9s)
  ✓   8 e2e/upgrade.spec.ts:6:1 › M2 actor continuity teaching exit, helper-delivery overlap, cancel, pause, rotation (9.3s)
  ✓   9 e2e/upgrade.spec.ts:75:1 › M2 endless replenishes, restores seed/cursor and bounds active state (1.2m)
  ✓  10 e2e/upgrade.spec.ts:98:1 › M2 drag and keyboard equivalent; selected guest never changes to correct answer (2.9s)
  ✓  11 e2e/upgrade.spec.ts:115:1 › M2 phone DPR and Pad composition, failed asset/audio retry keeps progress (3.8s)
  ✓  12 e2e/upgrade.spec.ts:136:1 › M2 teaching practice starts at the courtyard and completes its own five-request session (37.7s)
(node:38914) Warning: The 'NO_COLOR' env is ignored due to the 'FORCE_COLOR' env being set.
(Use `node --trace-warnings ...` to show where the warning was created)
  ✓  13 e2e/recovery.spec.ts:24:1 › M2 Pad prologue and real processing restore in portrait and landscape (35.0s)
  ✓  14 e2e/recovery.spec.ts:71:1 › M2 actual helper and delivery overlap, reload, cancellation and continued motion (23.8s)
  ✓  15 e2e/recovery.spec.ts:177:1 › M2 touch cancellation and multi-pointer never add, remove or submit food (8.3s)
  ✓  16 e2e/recovery.spec.ts:206:1 › M2 unsupported snapshot is protected and exported before explicit reset (4.3s)
  ✓  17 e2e/recovery.spec.ts:229:1 › M2 native background freeze stops clock, helper, machine and audio (5.6s)

  17 passed (10.0m)
