
> tabby-english-food-truck@0.1.0 test:browser
> playwright test --grep quick input|endless replenishes|phone DPR|M2 match|M2 spell|M2 bilingual

[WebServer] (node:26451) Warning: The 'NO_COLOR' env is ignored due to the 'FORCE_COLOR' env being set.
[WebServer] (Use `node --trace-warnings ...` to show where the warning was created)
[WebServer] 
[WebServer] (!) Some chunks are larger than 500 kB after minification. Consider:
[WebServer] - Using dynamic import() to code-split the application
[WebServer] - Use build.rollupOptions.output.manualChunks to improve chunking: https://rollupjs.org/configuration-options/#output-manualchunks
[WebServer] - Adjust chunk size limit for this warning via build.chunkSizeWarningLimit.
[WebServer] (node:26515) Warning: The 'NO_COLOR' env is ignored due to the 'FORCE_COLOR' env being set.
[WebServer] (Use `node --trace-warnings ...` to show where the warning was created)

Running 6 tests using 1 worker

(node:26555) Warning: The 'NO_COLOR' env is ignored due to the 'FORCE_COLOR' env being set.
(Use `node --trace-warnings ...` to show where the warning was created)
  ✓  1 e2e/game.spec.ts:50:1 › M2 quick input: immediate taps, same-entity double tap, nearby removal and explicit wrong delivery (15.5s)
(node:26626) Warning: The 'NO_COLOR' env is ignored due to the 'FORCE_COLOR' env being set.
(Use `node --trace-warnings ...` to show where the warning was created)
  ✓  2 e2e/minigames.spec.ts:14:3 › M2 match complete four rounds, help, resume, settlement and return (13.8s)
  ✓  3 e2e/minigames.spec.ts:14:3 › M2 spell complete four rounds, help, resume, settlement and return (26.2s)
  ✓  4 e2e/minigames.spec.ts:86:1 › M2 bilingual uses explicit support and preserves business inventory (4.8s)
  ✓  5 e2e/upgrade.spec.ts:46:1 › M2 endless replenishes, restores seed/cursor and bounds active state (1.1m)
  ✓  6 e2e/upgrade.spec.ts:86:1 › M2 phone DPR and Pad composition, failed asset/audio retry keeps progress (3.4s)

  6 passed (2.3m)
